
> docs@1.0.0 build
> astro build

[auto-import] ⚠️ @astrojs/mdx initialized BEFORE astro-auto-import.
              Auto imports in .mdx files won’t work!
              Move the MDX integration after auto-import in your integrations array in astro.config.
[2m14:14:16[22m [34m[content][39m Syncing content
[2m14:14:17[22m [34m[content][39m Synced content
[2m14:14:17[22m [34m[types][39m Generated [2m763ms[22m
[2m14:14:17[22m [34m[build][39m output: [34m"static"[39m
[2m14:14:17[22m [34m[build][39m mode: [34m"static"[39m
[2m14:14:17[22m [34m[build][39m directory: [34m/home/runner/work/docs/docs/dist/[39m
[2m14:14:17[22m [34m[build][39m Collecting build info...
[2m14:14:17[22m [34m[build][39m [32m✓ Completed in 929ms.[39m
[2m14:14:17[22m [34m[build][39m Building static entrypoints...
[33m[1m14:14:26[22m [WARN] [astro-expressive-code][39m Error while highlighting code block using language "Python" in document "/home/runner/work/docs/docs/.build/api-docs/python/strands.types.interrupt.mdx". The language could not be found. Using "txt" instead. Ensure that all required languages are either part of the bundle or custom languages provided in the "langs" config option.
[2m14:14:54[22m [34m[vite][39m [32m✓ built in 37.34s[39m
[2m14:14:54[22m [34m[build][39m [32m✓ Completed in 37.38s.[39m

[42m[30m building client (vite) [39m[49m
[2m14:14:54[22m [34m[vite][39m transforming...
[2m14:14:54[22m [34m[vite][39m [32m✓[39m 24 modules transformed.
[2m14:14:54[22m [34m[vite][39m rendering chunks...
[2m14:14:54[22m [34m[vite][39m computing gzip size...
[2m14:14:54[22m [34m[vite][39m [2mdist/[22m[2m_astro/[22m[32mec.0vx5m.js                                                             [39m[1m[2m 2.52 kB[22m[1m[22m
[2m14:14:54[22m [34m[vite][39m [2mdist/[22m[2m_astro/[22m[35mec.lgrc4.css                                                            [39m[1m[2m18.28 kB[22m[1m[22m[2m │ gzip:  4.11 kB[22m
[2m14:14:54[22m [34m[vite][39m [2mdist/[22m[2m_astro/[22m[36mHead.astro_astro_type_script_index_0_lang.D2emO6ou.js                   [39m[1m[2m 0.44 kB[22m[1m[22m[2m │ gzip:  0.31 kB[22m
[2m14:14:54[22m [34m[vite][39m [2mdist/[22m[2m_astro/[22m[36mMobileTableOfContents.astro_astro_type_script_index_0_lang.hwBsy0Mo.js  [39m[1m[2m 0.67 kB[22m[1m[22m[2m │ gzip:  0.40 kB[22m
[2m14:14:54[22m [34m[vite][39m [2mdist/[22m[2m_astro/[22m[36mTableOfContents.astro_astro_type_script_index_0_lang.FuRcXuRY.js        [39m[1m[2m 2.06 kB[22m[1m[22m[2m │ gzip:  0.97 kB[22m
[2m14:14:54[22m [34m[vite][39m [2mdist/[22m[2m_astro/[22m[36mpage.B1D-nYk3.js                                                        [39m[1m[2m 2.24 kB[22m[1m[22m[2m │ gzip:  1.01 kB[22m
[2m14:14:54[22m [34m[vite][39m [2mdist/[22m[2m_astro/[22m[36mSearch.astro_astro_type_script_index_0_lang.cjYDvRdi.js                 [39m[1m[2m 2.69 kB[22m[1m[22m[2m │ gzip:  1.38 kB[22m
[2m14:14:54[22m [34m[vite][39m [2mdist/[22m[2m_astro/[22m[36mui-core.D_Lfcn_I.js                                                     [39m[1m[2m72.93 kB[22m[1m[22m[2m │ gzip: 22.86 kB[22m
[2m14:14:54[22m [34m[vite][39m [32m✓ built in 268ms[39m

[42m[30m generating static routes [39m[49m
[2m14:14:55[22m [32m▶[39m @astrojs/starlight/routes/static/404.astro
[2m14:14:55[22m   [34m└─[39m [2m/404.html[22m [2m(+32ms)[22m 
[2m14:14:55[22m [35mλ[39m src/pages/llms-full.txt.ts
[2m14:14:55[22m   [34m└─[39m [2m/llms-full.txt[22m [31m(+15.46s)[39m 
[2m14:15:10[22m [35mλ[39m src/pages/llms.txt.ts
[2m14:15:10[22m   [34m└─[39m [2m/llms.txt[22m [2m(+32ms)[22m 
[2m14:15:10[22m [35mλ[39m src/pages/[...slug]/index.md.ts
[2m14:15:10[22m   [34m├─[39m [2m/404/index.md[22m [2m(+4ms)[22m 
[2m14:15:10[22m   [34m├─[39m [2m/docs/llms/index.md[22m [2m(+21ms)[22m 
[2m14:15:10[22m   [34m├─[39m [2m/docs/index.md[22m [2m(+69ms)[22m 
[2m14:15:10[22m   [34m├─[39m [2m/docs/community/community-packages/index.md[22m [2m(+66ms)[22m 
[2m14:15:10[22m   [34m├─[39m [2m/docs/community/get-featured/index.md[22m [2m(+52ms)[22m 
[2m14:15:10[22m   [34m├─[39m [2m/docs/contribute/index.md[22m [2m(+52ms)[22m 
[2m14:15:10[22m   [34m├─[39m [2m/docs/examples/index.md[22m [2m(+93ms)[22m 
[2m14:15:11[22m   [34m├─[39m [2m/docs/labs/ai-functions/index.md[22m [2m(+92ms)[22m 
[2m14:15:11[22m   [34m├─[39m [2m/docs/labs/index.md[22m [2m(+40ms)[22m 
[2m14:15:11[22m   [34m├─[39m [2m/docs/labs/robots-sim/index.md[22m [2m(+100ms)[22m 
[2m14:15:11[22m   [34m├─[39m [2m/docs/user-guide/quickstart/index.md[22m [2m(+263ms)[22m 
[2m14:15:11[22m   [34m├─[39m [2m/docs/labs/robots/index.md[22m [2m(+113ms)[22m 
[2m14:15:11[22m   [34m├─[39m [2m/docs/user-guide/versioning-and-support/index.md[22m [2m(+111ms)[22m 
[2m14:15:11[22m   [34m├─[39m [2m/docs/api/typescript/index.md[22m [2m(+13ms)[22m 
[2m14:15:11[22m   [34m├─[39m [2m/docs/api/python/index.md[22m [2m(+11ms)[22m 
[2m14:15:11[22m   [34m├─[39m [2m/docs/community/integrations/ag-ui/index.md[22m [2m(+95ms)[22m 
[2m14:15:11[22m   [34m├─[39m [2m/docs/community/model-providers/clova-studio/index.md[22m [2m(+57ms)[22m 
[2m14:15:11[22m   [34m├─[39m [2m/docs/community/model-providers/cohere/index.md[22m [2m(+62ms)[22m 
[2m14:15:12[22m   [34m├─[39m [2m/docs/community/model-providers/fireworksai/index.md[22m [2m(+64ms)[22m 
[2m14:15:12[22m   [34m├─[39m [2m/docs/community/model-providers/mlx/index.md[22m [2m(+69ms)[22m 
[2m14:15:12[22m   [34m├─[39m [2m/docs/community/model-providers/nebius-token-factory/index.md[22m [2m(+62ms)[22m 
[2m14:15:12[22m   [34m├─[39m [2m/docs/community/model-providers/nvidia-nim/index.md[22m [2m(+61ms)[22m 
[2m14:15:12[22m   [34m├─[39m [2m/docs/community/model-providers/sglang/index.md[22m [2m(+79ms)[22m 
[2m14:15:12[22m   [34m├─[39m [2m/docs/community/model-providers/vllm/index.md[22m [2m(+107ms)[22m 
[2m14:15:12[22m   [34m├─[39m [2m/docs/community/model-providers/xai/index.md[22m [2m(+72ms)[22m 
[2m14:15:12[22m   [34m├─[39m [2m/docs/community/session-managers/agentcore-memory/index.md[22m [2m(+103ms)[22m 
[2m14:15:12[22m   [34m├─[39m [2m/docs/community/session-managers/strands-valkey-session-manager/index.md[22m [2m(+56ms)[22m 
[2m14:15:12[22m   [34m├─[39m [2m/docs/community/tools/strands-deepgram/index.md[22m [2m(+44ms)[22m 
[2m14:15:12[22m   [34m├─[39m [2m/docs/community/tools/strands-teams/index.md[22m [2m(+39ms)[22m 
[2m14:15:12[22m   [34m├─[39m [2m/docs/community/tools/strands-hubspot/index.md[22m [2m(+42ms)[22m 
[2m14:15:12[22m   [34m├─[39m [2m/docs/community/tools/strands-telegram-listener/index.md[22m [2m(+43ms)[22m 
[2m14:15:12[22m   [34m├─[39m [2m/docs/community/tools/strands-telegram/index.md[22m [2m(+45ms)[22m 
[2m14:15:12[22m   [34m├─[39m [2m/docs/community/tools/utcp/index.md[22m [2m(+36ms)[22m 
[2m14:15:12[22m   [34m├─[39m [2m/docs/contribute/contributing/core-sdk/index.md[22m [2m(+78ms)[22m 
[2m14:15:13[22m   [34m├─[39m [2m/docs/contribute/contributing/documentation/index.md[22m [2m(+48ms)[22m 
[2m14:15:13[22m   [34m├─[39m [2m/docs/contribute/contributing/extensions/index.md[22m [2m(+37ms)[22m 
[2m14:15:13[22m   [34m├─[39m [2m/docs/contribute/contributing/feature-proposals/index.md[22m [2m(+29ms)[22m 
[2m14:15:13[22m   [34m├─[39m [2m/docs/examples/python/cli-reference-agent/index.md[22m [2m(+55ms)[22m 
[2m14:15:13[22m   [34m├─[39m [2m/docs/examples/python/file_operations/index.md[22m [2m(+55ms)[22m 
[2m14:15:13[22m   [34m├─[39m [2m/docs/examples/python/agents_workflows/index.md[22m [2m(+49ms)[22m 
[2m14:15:13[22m   [34m├─[39m [2m/docs/examples/python/graph_loops_example/index.md[22m [2m(+60ms)[22m 
[2m14:15:13[22m   [34m├─[39m [2m/docs/examples/python/mcp_calculator/index.md[22m [2m(+53ms)[22m 
[2m14:15:13[22m   [34m├─[39m [2m/docs/examples/python/knowledge_base_agent/index.md[22m [2m(+48ms)[22m 
[2m14:15:13[22m   [34m├─[39m [2m/docs/examples/python/memory_agent/index.md[22m [2m(+64ms)[22m 
[2m14:15:13[22m   [34m├─[39m [2m/docs/examples/python/multimodal/index.md[22m [2m(+61ms)[22m 
[2m14:15:13[22m   [34m├─[39m [2m/docs/examples/python/meta_tooling/index.md[22m [2m(+53ms)[22m 
[2m14:15:13[22m   [34m├─[39m [2m/docs/examples/python/structured_output/index.md[22m [2m(+47ms)[22m 
[2m14:15:13[22m   [34m├─[39m [2m/docs/examples/python/weather_forecaster/index.md[22m [2m(+58ms)[22m 
[2m14:15:13[22m   [34m├─[39m [2m/docs/user-guide/concepts/interrupts/index.md[22m [2m(+121ms)[22m 
[2m14:15:13[22m   [34m├─[39m [2m/docs/user-guide/deploy/deploy_to_amazon_ec2/index.md[22m [2m(+83ms)[22m 
[2m14:15:13[22m   [34m├─[39m [2m/docs/user-guide/deploy/deploy_to_amazon_eks/index.md[22m [2m(+84ms)[22m 
[2m14:15:14[22m   [34m├─[39m [2m/docs/user-guide/deploy/deploy_to_aws_apprunner/index.md[22m [2m(+90ms)[22m 
[2m14:15:14[22m   [34m├─[39m [2m/docs/user-guide/deploy/deploy_to_aws_fargate/index.md[22m [2m(+92ms)[22m 
[2m14:15:14[22m   [34m├─[39m [2m/docs/user-guide/deploy/deploy_to_aws_lambda/index.md[22m [2m(+111ms)[22m 
[2m14:15:14[22m   [34m├─[39m [2m/docs/user-guide/deploy/deploy_to_kubernetes/index.md[22m [2m(+94ms)[22m 
[2m14:15:14[22m   [34m├─[39m [2m/docs/user-guide/deploy/deploy_to_terraform/index.md[22m [2m(+305ms)[22m 
[2m14:15:14[22m   [34m├─[39m [2m/docs/user-guide/deploy/operating-agents-in-production/index.md[22m [2m(+109ms)[22m 
[2m14:15:14[22m   [34m├─[39m [2m/docs/user-guide/evals-sdk/experiment_generator/index.md[22m [2m(+188ms)[22m 
[2m14:15:15[22m   [34m├─[39m [2m/docs/user-guide/evals-sdk/eval-sop/index.md[22m [2m(+170ms)[22m 
[2m14:15:15[22m   [34m├─[39m [2m/docs/user-guide/evals-sdk/quickstart/index.md[22m [2m(+130ms)[22m 
[2m14:15:15[22m   [34m├─[39m [2m/docs/user-guide/observability-evaluation/evaluation/index.md[22m [2m(+88ms)[22m 
[2m14:15:15[22m   [34m├─[39m [2m/docs/user-guide/observability-evaluation/logs/index.md[22m [2m(+78ms)[22m 
[2m14:15:15[22m   [34m├─[39m [2m/docs/user-guide/observability-evaluation/metrics/index.md[22m [2m(+98ms)[22m 
[2m14:15:15[22m   [34m├─[39m [2m/docs/user-guide/observability-evaluation/observability/index.md[22m [2m(+59ms)[22m 
[2m14:15:15[22m   [34m├─[39m [2m/docs/user-guide/observability-evaluation/traces/index.md[22m [2m(+163ms)[22m 
[2m14:15:15[22m   [34m├─[39m [2m/docs/user-guide/quickstart/overview/index.md[22m [2m(+13ms)[22m 
[2m14:15:15[22m   [34m├─[39m [2m/docs/user-guide/quickstart/python/index.md[22m [2m(+235ms)[22m 
[2m14:15:16[22m   [34m├─[39m [2m/docs/user-guide/quickstart/typescript/index.md[22m [2m(+106ms)[22m 
[2m14:15:16[22m   [34m├─[39m [2m/docs/user-guide/safety-security/guardrails/index.md[22m [2m(+52ms)[22m 
[2m14:15:16[22m   [34m├─[39m [2m/docs/user-guide/safety-security/pii-redaction/index.md[22m [2m(+96ms)[22m 
[2m14:15:16[22m   [34m├─[39m [2m/docs/user-guide/safety-security/prompt-engineering/index.md[22m [2m(+51ms)[22m 
[2m14:15:16[22m   [34m├─[39m [2m/docs/user-guide/safety-security/responsible-ai/index.md[22m [2m(+112ms)[22m 
[2m14:15:16[22m   [34m├─[39m [2m/docs/examples/python/multi_agent_example/multi_agent_example/index.md[22m [2m(+90ms)[22m 
[2m14:15:16[22m   [34m├─[39m [2m/docs/user-guide/concepts/agents/agent-loop/index.md[22m [2m(+71ms)[22m 
[2m14:15:16[22m   [34m├─[39m [2m/docs/user-guide/concepts/agents/conversation-management/index.md[22m [2m(+103ms)[22m 
[2m14:15:16[22m   [34m├─[39m [2m/docs/user-guide/concepts/agents/hooks/index.md[22m [2m(+280ms)[22m 
[2m14:15:17[22m   [34m├─[39m [2m/docs/user-guide/concepts/agents/prompts/index.md[22m [2m(+68ms)[22m 
[2m14:15:17[22m   [34m├─[39m [2m/docs/user-guide/concepts/agents/retry-strategies/index.md[22m [2m(+46ms)[22m 
[2m14:15:17[22m   [34m├─[39m [2m/docs/user-guide/concepts/agents/state/index.md[22m [2m(+115ms)[22m 
[2m14:15:17[22m   [34m├─[39m [2m/docs/user-guide/concepts/agents/session-management/index.md[22m [2m(+124ms)[22m 
[2m14:15:17[22m   [34m├─[39m [2m/docs/user-guide/concepts/agents/structured-output/index.md[22m [2m(+191ms)[22m 
[2m14:15:17[22m   [34m├─[39m [2m/docs/user-guide/concepts/bidirectional-streaming/agent/index.md[22m [2m(+169ms)[22m 
[2m14:15:17[22m   [34m├─[39m [2m/docs/user-guide/concepts/bidirectional-streaming/events/index.md[22m [2m(+163ms)[22m 
[2m14:15:17[22m   [34m├─[39m [2m/docs/user-guide/concepts/bidirectional-streaming/hooks/index.md[22m [2m(+109ms)[22m 
[2m14:15:18[22m   [34m├─[39m [2m/docs/user-guide/concepts/bidirectional-streaming/interruption/index.md[22m [2m(+59ms)[22m 
[2m14:15:18[22m   [34m├─[39m [2m/docs/user-guide/concepts/bidirectional-streaming/io/index.md[22m [2m(+58ms)[22m 
[2m14:15:18[22m   [34m├─[39m [2m/docs/user-guide/concepts/bidirectional-streaming/quickstart/index.md[22m [2m(+168ms)[22m 
[2m14:15:18[22m   [34m├─[39m [2m/docs/user-guide/concepts/bidirectional-streaming/session-management/index.md[22m [2m(+85ms)[22m 
[2m14:15:18[22m   [34m├─[39m [2m/docs/user-guide/concepts/experimental/agent-config/index.md[22m [2m(+66ms)[22m 
[2m14:15:18[22m   [34m├─[39m [2m/docs/user-guide/concepts/experimental/steering/index.md[22m [2m(+56ms)[22m 
[2m14:15:18[22m   [34m├─[39m [2m/docs/user-guide/concepts/model-providers/amazon-bedrock/index.md[22m [2m(+337ms)[22m 
[2m14:15:18[22m   [34m├─[39m [2m/docs/user-guide/concepts/model-providers/amazon-nova/index.md[22m [2m(+48ms)[22m 
[2m14:15:18[22m   [34m├─[39m [2m/docs/user-guide/concepts/model-providers/anthropic/index.md[22m [2m(+67ms)[22m 
[2m14:15:18[22m   [34m├─[39m [2m/docs/user-guide/concepts/model-providers/clova-studio/index.md[22m [2m(+6ms)[22m 
[2m14:15:18[22m   [34m├─[39m [2m/docs/user-guide/concepts/model-providers/cohere/index.md[22m [2m(+6ms)[22m 
[2m14:15:18[22m   [34m├─[39m [2m/docs/user-guide/concepts/model-providers/custom_model_provider/index.md[22m [2m(+240ms)[22m 
[2m14:15:19[22m   [34m├─[39m [2m/docs/user-guide/concepts/model-providers/fireworksai/index.md[22m [2m(+6ms)[22m 
[2m14:15:19[22m   [34m├─[39m [2m/docs/user-guide/concepts/model-providers/gemini/index.md[22m [2m(+187ms)[22m 
[2m14:15:19[22m   [34m├─[39m [2m/docs/user-guide/concepts/model-providers/index.md[22m [2m(+116ms)[22m 
[2m14:15:19[22m   [34m├─[39m [2m/docs/user-guide/concepts/model-providers/litellm/index.md[22m [2m(+89ms)[22m 
[2m14:15:19[22m   [34m├─[39m [2m/docs/user-guide/concepts/model-providers/llamaapi/index.md[22m [2m(+80ms)[22m 
[2m14:15:19[22m   [34m├─[39m [2m/docs/user-guide/concepts/model-providers/llamacpp/index.md[22m [2m(+88ms)[22m 
[2m14:15:19[22m   [34m├─[39m [2m/docs/user-guide/concepts/model-providers/mistral/index.md[22m [2m(+51ms)[22m 
[2m14:15:19[22m   [34m├─[39m [2m/docs/user-guide/concepts/model-providers/nebius-token-factory/index.md[22m [2m(+7ms)[22m 
[2m14:15:19[22m   [34m├─[39m [2m/docs/user-guide/concepts/model-providers/ollama/index.md[22m [2m(+97ms)[22m 
[2m14:15:19[22m   [34m├─[39m [2m/docs/user-guide/concepts/model-providers/openai/index.md[22m [2m(+122ms)[22m 
[2m14:15:20[22m   [34m├─[39m [2m/docs/user-guide/concepts/model-providers/sagemaker/index.md[22m [2m(+81ms)[22m 
[2m14:15:20[22m   [34m├─[39m [2m/docs/user-guide/concepts/model-providers/writer/index.md[22m [2m(+150ms)[22m 
[2m14:15:20[22m   [34m├─[39m [2m/docs/user-guide/concepts/model-providers/xai/index.md[22m [2m(+6ms)[22m 
[2m14:15:20[22m   [34m├─[39m [2m/docs/user-guide/concepts/multi-agent/agent-to-agent/index.md[22m [2m(+182ms)[22m 
[2m14:15:20[22m   [34m├─[39m [2m/docs/user-guide/concepts/multi-agent/agents-as-tools/index.md[22m [2m(+58ms)[22m 
[2m14:15:20[22m   [34m├─[39m [2m/docs/user-guide/concepts/multi-agent/graph/index.md[22m [2m(+186ms)[22m 
[2m14:15:20[22m   [34m├─[39m [2m/docs/user-guide/concepts/multi-agent/multi-agent-patterns/index.md[22m [2m(+78ms)[22m 
[2m14:15:20[22m   [34m├─[39m [2m/docs/user-guide/concepts/multi-agent/swarm/index.md[22m [2m(+90ms)[22m 
[2m14:15:20[22m   [34m├─[39m [2m/docs/user-guide/concepts/tools/community-tools-package/index.md[22m [2m(+172ms)[22m 
[2m14:15:21[22m   [34m├─[39m [2m/docs/user-guide/concepts/multi-agent/workflow/index.md[22m [2m(+83ms)[22m 
[2m14:15:21[22m   [34m├─[39m [2m/docs/user-guide/concepts/tools/custom-tools/index.md[22m [2m(+277ms)[22m 
[2m14:15:21[22m   [34m├─[39m [2m/docs/user-guide/concepts/tools/executors/index.md[22m [2m(+26ms)[22m 
[2m14:15:21[22m   [34m├─[39m [2m/docs/user-guide/concepts/tools/index.md[22m [2m(+157ms)[22m 
[2m14:15:21[22m   [34m├─[39m [2m/docs/user-guide/concepts/tools/mcp-tools/index.md[22m [2m(+167ms)[22m 
[2m14:15:21[22m   [34m├─[39m [2m/docs/user-guide/concepts/streaming/async-iterators/index.md[22m [2m(+78ms)[22m 
[2m14:15:21[22m   [34m├─[39m [2m/docs/user-guide/concepts/streaming/callback-handlers/index.md[22m [2m(+51ms)[22m 
[2m14:15:21[22m   [34m├─[39m [2m/docs/user-guide/concepts/streaming/index.md[22m [2m(+131ms)[22m 
[2m14:15:22[22m   [34m├─[39m [2m/docs/user-guide/deploy/deploy_to_bedrock_agentcore/index.md[22m [2m(+33ms)[22m 
[2m14:15:22[22m   [34m├─[39m [2m/docs/user-guide/deploy/deploy_to_bedrock_agentcore/python/index.md[22m [2m(+185ms)[22m 
[2m14:15:22[22m   [34m├─[39m [2m/docs/user-guide/deploy/deploy_to_bedrock_agentcore/typescript/index.md[22m [2m(+181ms)[22m 
[2m14:15:22[22m   [34m├─[39m [2m/docs/user-guide/deploy/deploy_to_docker/index.md[22m [2m(+18ms)[22m 
[2m14:15:22[22m   [34m├─[39m [2m/docs/user-guide/deploy/deploy_to_docker/python/index.md[22m [2m(+105ms)[22m 
[2m14:15:22[22m   [34m├─[39m [2m/docs/user-guide/deploy/deploy_to_docker/typescript/index.md[22m [2m(+119ms)[22m 
[2m14:15:22[22m   [34m├─[39m [2m/docs/user-guide/evals-sdk/evaluators/custom_evaluator/index.md[22m [2m(+99ms)[22m 
[2m14:15:22[22m   [34m├─[39m [2m/docs/user-guide/evals-sdk/evaluators/faithfulness_evaluator/index.md[22m [2m(+113ms)[22m 
[2m14:15:22[22m   [34m├─[39m [2m/docs/user-guide/evals-sdk/evaluators/goal_success_rate_evaluator/index.md[22m [2m(+130ms)[22m 
[2m14:15:23[22m   [34m├─[39m [2m/docs/user-guide/evals-sdk/evaluators/helpfulness_evaluator/index.md[22m [2m(+138ms)[22m 
[2m14:15:23[22m   [34m├─[39m [2m/docs/user-guide/evals-sdk/evaluators/index.md[22m [2m(+147ms)[22m 
[2m14:15:23[22m   [34m├─[39m [2m/docs/user-guide/evals-sdk/evaluators/interactions_evaluator/index.md[22m [2m(+136ms)[22m 
[2m14:15:23[22m   [34m├─[39m [2m/docs/user-guide/evals-sdk/evaluators/output_evaluator/index.md[22m [2m(+75ms)[22m 
[2m14:15:23[22m   [34m├─[39m [2m/docs/user-guide/evals-sdk/evaluators/tool_parameter_evaluator/index.md[22m [2m(+88ms)[22m 
[2m14:15:23[22m   [34m├─[39m [2m/docs/user-guide/evals-sdk/evaluators/tool_selection_evaluator/index.md[22m [2m(+104ms)[22m 
[2m14:15:23[22m   [34m├─[39m [2m/docs/user-guide/evals-sdk/evaluators/trajectory_evaluator/index.md[22m [2m(+118ms)[22m 
[2m14:15:23[22m   [34m├─[39m [2m/docs/user-guide/evals-sdk/how-to/agentcore_evaluation_dashboard/index.md[22m [2m(+144ms)[22m 
[2m14:15:23[22m   [34m├─[39m [2m/docs/user-guide/evals-sdk/how-to/experiment_management/index.md[22m [2m(+80ms)[22m 
[2m14:15:24[22m   [34m├─[39m [2m/docs/user-guide/evals-sdk/how-to/serialization/index.md[22m [2m(+94ms)[22m 
[2m14:15:24[22m   [34m├─[39m [2m/docs/user-guide/evals-sdk/simulators/index.md[22m [2m(+124ms)[22m 
[2m14:15:24[22m   [34m├─[39m [2m/docs/user-guide/evals-sdk/simulators/user_simulation/index.md[22m [2m(+203ms)[22m 
[2m14:15:24[22m   [34m├─[39m [2m/docs/user-guide/concepts/bidirectional-streaming/models/gemini_live/index.md[22m [2m(+81ms)[22m 
[2m14:15:24[22m   [34m├─[39m [2m/docs/user-guide/concepts/bidirectional-streaming/models/nova_sonic/index.md[22m [2m(+81ms)[22m 
[2m14:15:24[22m   [34m├─[39m [2m/docs/user-guide/concepts/bidirectional-streaming/models/openai_realtime/index.md[22m [2m(+78ms)[22m 
[2m14:15:24[22m   [34m├─[39m [2m/docs/api/python/strands.agent.a2a_agent/index.md[22m [2m(+59ms)[22m 
[2m14:15:24[22m   [34m├─[39m [2m/docs/api/python/strands.agent.agent/index.md[22m [2m(+168ms)[22m 
[2m14:15:24[22m   [34m├─[39m [2m/docs/api/python/strands.agent.agent_result/index.md[22m [2m(+104ms)[22m 
[2m14:15:25[22m   [34m├─[39m [2m/docs/api/python/strands.agent.base/index.md[22m [2m(+42ms)[22m 
[2m14:15:25[22m   [34m├─[39m [2m/docs/api/python/strands.agent.conversation_manager.conversation_manager/index.md[22m [2m(+68ms)[22m 
[2m14:15:25[22m   [34m├─[39m [2m/docs/api/python/strands.agent.conversation_manager.null_conversation_manager/index.md[22m [2m(+36ms)[22m 
[2m14:15:25[22m   [34m├─[39m [2m/docs/api/python/strands.agent.conversation_manager.sliding_window_conversation_manager/index.md[22m [2m(+57ms)[22m 
[2m14:15:25[22m   [34m├─[39m [2m/docs/api/python/strands.agent.conversation_manager.summarizing_conversation_manager/index.md[22m [2m(+50ms)[22m 
[2m14:15:25[22m   [34m├─[39m [2m/docs/api/python/strands.event_loop.event_loop/index.md[22m [2m(+25ms)[22m 
[2m14:15:25[22m   [34m├─[39m [2m/docs/api/python/strands.experimental.agent_config/index.md[22m [2m(+19ms)[22m 
[2m14:15:25[22m   [34m├─[39m [2m/docs/api/python/strands.event_loop.streaming/index.md[22m [2m(+86ms)[22m 
[2m14:15:25[22m   [34m├─[39m [2m/docs/api/python/strands.experimental.bidi.agent.agent/index.md[22m [2m(+95ms)[22m 
[2m14:15:25[22m   [34m├─[39m [2m/docs/api/python/strands.experimental.bidi.agent.loop/index.md[22m [2m(+50ms)[22m 
[2m14:15:25[22m   [34m├─[39m [2m/docs/api/python/strands.experimental.bidi.io.audio/index.md[22m [2m(+147ms)[22m 
[2m14:15:25[22m   [34m├─[39m [2m/docs/api/python/strands.experimental.bidi.io.text/index.md[22m [2m(+72ms)[22m 
[2m14:15:25[22m   [34m├─[39m [2m/docs/api/python/strands.experimental.bidi/index.md[22m [2m(+12ms)[22m 
[2m14:15:25[22m   [34m├─[39m [2m/docs/api/python/strands.experimental.bidi.models.gemini_live/index.md[22m [2m(+48ms)[22m 
[2m14:15:25[22m   [34m├─[39m [2m/docs/api/python/strands.experimental.bidi.models/index.md[22m [2m(+12ms)[22m 
[2m14:15:25[22m   [34m├─[39m [2m/docs/api/python/strands.experimental.bidi.models.model/index.md[22m [2m(+53ms)[22m 
[2m14:15:25[22m   [34m├─[39m [2m/docs/api/python/strands.experimental.bidi.models.nova_sonic/index.md[22m [2m(+48ms)[22m 
[2m14:15:25[22m   [34m├─[39m [2m/docs/api/python/strands.experimental.bidi.models.openai_realtime/index.md[22m [2m(+54ms)[22m 
[2m14:15:26[22m   [34m├─[39m [2m/docs/api/python/strands.experimental.bidi.tools.stop_conversation/index.md[22m [2m(+12ms)[22m 
[2m14:15:26[22m   [34m├─[39m [2m/docs/api/python/strands.experimental.bidi.types.events/index.md[22m [2m(+477ms)[22m 
[2m14:15:26[22m   [34m├─[39m [2m/docs/api/python/strands.experimental.bidi.types.io/index.md[22m [2m(+58ms)[22m 
[2m14:15:26[22m   [34m├─[39m [2m/docs/api/python/strands.experimental.bidi.types.model/index.md[22m [2m(+13ms)[22m 
[2m14:15:26[22m   [34m├─[39m [2m/docs/api/python/strands.experimental.steering.context_providers.ledger_provider/index.md[22m [2m(+53ms)[22m 
[2m14:15:26[22m   [34m├─[39m [2m/docs/api/python/strands.experimental.hooks.events/index.md[22m [2m(+93ms)[22m 
[2m14:15:26[22m   [34m├─[39m [2m/docs/api/python/strands.experimental.steering.core.action/index.md[22m [2m(+32ms)[22m 
[2m14:15:26[22m   [34m├─[39m [2m/docs/api/python/strands.experimental.steering.core.context/index.md[22m [2m(+49ms)[22m 
[2m14:15:26[22m   [34m├─[39m [2m/docs/api/python/strands.experimental.steering.core.handler/index.md[22m [2m(+53ms)[22m 
[2m14:15:26[22m   [34m├─[39m [2m/docs/api/python/strands.experimental.steering.handlers.llm.llm_handler/index.md[22m [2m(+30ms)[22m 
[2m14:15:26[22m   [34m├─[39m [2m/docs/api/python/strands.experimental.steering.handlers.llm.mappers/index.md[22m [2m(+39ms)[22m 
[2m14:15:26[22m   [34m├─[39m [2m/docs/api/python/strands.handlers.callback_handler/index.md[22m [2m(+50ms)[22m 
[2m14:15:26[22m   [34m├─[39m [2m/docs/api/python/strands.hooks.events/index.md[22m [2m(+134ms)[22m 
[2m14:15:27[22m   [34m├─[39m [2m/docs/api/python/strands.hooks.registry/index.md[22m [2m(+144ms)[22m 
[2m14:15:27[22m   [34m├─[39m [2m/docs/api/python/strands.interrupt/index.md[22m [2m(+80ms)[22m 
[2m14:15:27[22m   [34m├─[39m [2m/docs/api/python/strands.models.anthropic/index.md[22m [2m(+86ms)[22m 
[2m14:15:27[22m   [34m├─[39m [2m/docs/api/python/strands.models.bedrock/index.md[22m [2m(+60ms)[22m 
[2m14:15:27[22m   [34m├─[39m [2m/docs/api/python/strands.models.gemini/index.md[22m [2m(+81ms)[22m 
[2m14:15:27[22m   [34m├─[39m [2m/docs/api/python/strands.models.litellm/index.md[22m [2m(+89ms)[22m 
[2m14:15:27[22m   [34m├─[39m [2m/docs/api/python/strands.models.llamaapi/index.md[22m [2m(+71ms)[22m 
[2m14:15:27[22m   [34m├─[39m [2m/docs/api/python/strands.models.llamacpp/index.md[22m [2m(+75ms)[22m 
[2m14:15:27[22m   [34m├─[39m [2m/docs/api/python/strands.models/index.md[22m [2m(+12ms)[22m 
[2m14:15:27[22m   [34m├─[39m [2m/docs/api/python/strands.models.mistral/index.md[22m [2m(+72ms)[22m 
[2m14:15:27[22m   [34m├─[39m [2m/docs/api/python/strands.models.model/index.md[22m [2m(+49ms)[22m 
[2m14:15:27[22m   [34m├─[39m [2m/docs/api/python/strands.models.ollama/index.md[22m [2m(+75ms)[22m 
[2m14:15:28[22m   [34m├─[39m [2m/docs/api/python/strands.models.openai/index.md[22m [2m(+127ms)[22m 
[2m14:15:28[22m   [34m├─[39m [2m/docs/api/python/strands.models.openai_responses/index.md[22m [2m(+85ms)[22m 
[2m14:15:28[22m   [34m├─[39m [2m/docs/api/python/strands.models.sagemaker/index.md[22m [2m(+122ms)[22m 
[2m14:15:28[22m   [34m├─[39m [2m/docs/api/python/strands.multiagent.a2a.executor/index.md[22m [2m(+33ms)[22m 
[2m14:15:28[22m   [34m├─[39m [2m/docs/api/python/strands.models.writer/index.md[22m [2m(+68ms)[22m 
[2m14:15:28[22m   [34m├─[39m [2m/docs/api/python/strands.multiagent.a2a.server/index.md[22m [2m(+77ms)[22m 
[2m14:15:28[22m   [34m├─[39m [2m/docs/api/python/strands.multiagent.base/index.md[22m [2m(+108ms)[22m 
[2m14:15:28[22m   [34m├─[39m [2m/docs/api/python/strands.multiagent.graph/index.md[22m [2m(+218ms)[22m 
[2m14:15:28[22m   [34m├─[39m [2m/docs/api/python/strands.multiagent.swarm/index.md[22m [2m(+162ms)[22m 
[2m14:15:29[22m   [34m├─[39m [2m/docs/api/python/strands.plugins.decorator/index.md[22m [2m(+14ms)[22m 
[2m14:15:29[22m   [34m├─[39m [2m/docs/api/python/strands.plugins.plugin/index.md[22m [2m(+50ms)[22m 
[2m14:15:29[22m   [34m├─[39m [2m/docs/api/python/strands.plugins.registry/index.md[22m [2m(+32ms)[22m 
[2m14:15:29[22m   [34m├─[39m [2m/docs/api/python/strands.session.file_session_manager/index.md[22m [2m(+106ms)[22m 
[2m14:15:29[22m   [34m├─[39m [2m/docs/api/python/strands.session.repository_session_manager/index.md[22m [2m(+77ms)[22m 
[2m14:15:29[22m   [34m├─[39m [2m/docs/api/python/strands.session.s3_session_manager/index.md[22m [2m(+117ms)[22m 
[2m14:15:29[22m   [34m├─[39m [2m/docs/api/python/strands.session.session_manager/index.md[22m [2m(+77ms)[22m 
[2m14:15:29[22m   [34m├─[39m [2m/docs/api/python/strands.session.session_repository/index.md[22m [2m(+96ms)[22m 
[2m14:15:29[22m   [34m├─[39m [2m/docs/api/python/strands.telemetry.config/index.md[22m [2m(+48ms)[22m 
[2m14:15:29[22m   [34m├─[39m [2m/docs/api/python/strands.telemetry.metrics/index.md[22m [2m(+166ms)[22m 
[2m14:15:29[22m   [34m├─[39m [2m/docs/api/python/strands.telemetry.tracer/index.md[22m [2m(+136ms)[22m 
[2m14:15:29[22m   [34m├─[39m [2m/docs/api/python/strands.tools.executors.concurrent/index.md[22m [2m(+13ms)[22m 
[2m14:15:29[22m   [34m├─[39m [2m/docs/api/python/strands.tools.decorator/index.md[22m [2m(+151ms)[22m 
[2m14:15:30[22m   [34m├─[39m [2m/docs/api/python/strands.tools.executors.sequential/index.md[22m [2m(+15ms)[22m 
[2m14:15:30[22m   [34m├─[39m [2m/docs/api/python/strands.tools.mcp.mcp_agent_tool/index.md[22m [2m(+49ms)[22m 
[2m14:15:30[22m   [34m├─[39m [2m/docs/api/python/strands.tools.loader/index.md[22m [2m(+63ms)[22m 
[2m14:15:30[22m   [34m├─[39m [2m/docs/api/python/strands.tools.mcp.mcp_client/index.md[22m [2m(+129ms)[22m 
[2m14:15:30[22m   [34m├─[39m [2m/docs/api/python/strands.tools.mcp.mcp_instrumentation/index.md[22m [2m(+128ms)[22m 
[2m14:15:30[22m   [34m├─[39m [2m/docs/api/python/strands.tools.mcp.mcp_tasks/index.md[22m [2m(+12ms)[22m 
[2m14:15:30[22m   [34m├─[39m [2m/docs/api/python/strands.tools.mcp.mcp_types/index.md[22m [2m(+13ms)[22m 
[2m14:15:30[22m   [34m├─[39m [2m/docs/api/python/strands.tools.registry/index.md[22m [2m(+114ms)[22m 
[2m14:15:30[22m   [34m├─[39m [2m/docs/api/python/strands.tools.structured_output.structured_output_tool/index.md[22m [2m(+52ms)[22m 
[2m14:15:30[22m   [34m├─[39m [2m/docs/api/python/strands.tools.tool_provider/index.md[22m [2m(+33ms)[22m 
[2m14:15:30[22m   [34m├─[39m [2m/docs/api/python/strands.tools.structured_output.structured_output_utils/index.md[22m [2m(+12ms)[22m 
[2m14:15:30[22m   [34m├─[39m [2m/docs/api/python/strands.tools.tools/index.md[22m [2m(+98ms)[22m 
[2m14:15:30[22m   [34m├─[39m [2m/docs/api/python/strands.types.a2a/index.md[22m [2m(+19ms)[22m 
[2m14:15:30[22m   [34m├─[39m [2m/docs/api/python/strands.tools.watcher/index.md[22m [2m(+65ms)[22m 
[2m14:15:30[22m   [34m├─[39m [2m/docs/api/python/strands.types.agent/index.md[22m [2m(+15ms)[22m 
[2m14:15:30[22m   [34m├─[39m [2m/docs/api/python/strands.types.citations/index.md[22m [2m(+73ms)[22m 
[2m14:15:30[22m   [34m├─[39m [2m/docs/api/python/strands.types.collections/index.md[22m [2m(+20ms)[22m 
[2m14:15:31[22m   [34m├─[39m [2m/docs/api/python/strands.types.content/index.md[22m [2m(+107ms)[22m 
[2m14:15:31[22m   [34m├─[39m [2m/docs/api/python/strands.types.event_loop/index.md[22m [2m(+29ms)[22m 
[2m14:15:31[22m   [34m├─[39m [2m/docs/api/python/strands.types.exceptions/index.md[22m [2m(+103ms)[22m 
[2m14:15:31[22m   [34m├─[39m [2m/docs/api/python/strands.types.guardrails/index.md[22m [2m(+119ms)[22m 
[2m14:15:31[22m   [34m├─[39m [2m/docs/api/python/strands.types.interrupt/index.md[22m [2m(+38ms)[22m 
[2m14:15:31[22m   [34m├─[39m [2m/docs/api/python/strands.types.json_dict/index.md[22m [2m(+39ms)[22m 
[2m14:15:31[22m   [34m├─[39m [2m/docs/api/python/strands.types.media/index.md[22m [2m(+77ms)[22m 
[2m14:15:31[22m   [34m├─[39m [2m/docs/api/python/strands.types.session/index.md[22m [2m(+141ms)[22m 
[2m14:15:31[22m   [34m├─[39m [2m/docs/api/python/strands.types.streaming/index.md[22m [2m(+131ms)[22m 
[2m14:15:31[22m   [34m├─[39m [2m/docs/api/python/strands.types.tools/index.md[22m [2m(+189ms)[22m 
[2m14:15:31[22m   [34m├─[39m [2m/docs/api/typescript/AfterInvocationEvent/index.md[22m [2m(+77ms)[22m 
[2m14:15:32[22m   [34m├─[39m [2m/docs/api/typescript/AfterModelCallEvent/index.md[22m [2m(+99ms)[22m 
[2m14:15:32[22m   [34m├─[39m [2m/docs/api/typescript/AfterToolCallEvent/index.md[22m [2m(+141ms)[22m 
[2m14:15:32[22m   [34m├─[39m [2m/docs/api/typescript/AfterToolsEvent/index.md[22m [2m(+80ms)[22m 
[2m14:15:32[22m   [34m├─[39m [2m/docs/api/typescript/Agent/index.md[22m [2m(+218ms)[22m 
[2m14:15:32[22m   [34m├─[39m [2m/docs/api/typescript/AgentResult/index.md[22m [2m(+83ms)[22m 
[2m14:15:32[22m   [34m├─[39m [2m/docs/api/typescript/AgentResultEvent/index.md[22m [2m(+76ms)[22m 
[2m14:15:32[22m   [34m├─[39m [2m/docs/api/typescript/AppState/index.md[22m [2m(+247ms)[22m 
[2m14:15:32[22m   [34m├─[39m [2m/docs/api/typescript/BeforeInvocationEvent/index.md[22m [2m(+67ms)[22m 
[2m14:15:33[22m   [34m├─[39m [2m/docs/api/typescript/BedrockModel/index.md[22m [2m(+251ms)[22m 
[2m14:15:33[22m   [34m├─[39m [2m/docs/api/typescript/BeforeModelCallEvent/index.md[22m [2m(+182ms)[22m 
[2m14:15:33[22m   [34m├─[39m [2m/docs/api/typescript/BeforeToolsEvent/index.md[22m [2m(+81ms)[22m 
[2m14:15:33[22m   [34m├─[39m [2m/docs/api/typescript/BeforeToolCallEvent/index.md[22m [2m(+108ms)[22m 
[2m14:15:33[22m   [34m├─[39m [2m/docs/api/typescript/CachePointBlock/index.md[22m [2m(+117ms)[22m 
[2m14:15:33[22m   [34m├─[39m [2m/docs/api/typescript/CitationsBlock/index.md[22m [2m(+147ms)[22m 
[2m14:15:33[22m   [34m├─[39m [2m/docs/api/typescript/ConcurrentInvocationError/index.md[22m [2m(+33ms)[22m 
[2m14:15:33[22m   [34m├─[39m [2m/docs/api/typescript/ContentBlockEvent/index.md[22m [2m(+82ms)[22m 
[2m14:15:34[22m   [34m├─[39m [2m/docs/api/typescript/ContextWindowOverflowError/index.md[22m [2m(+42ms)[22m 
[2m14:15:34[22m   [34m├─[39m [2m/docs/api/typescript/DocumentBlock/index.md[22m [2m(+203ms)[22m 
[2m14:15:34[22m   [34m├─[39m [2m/docs/api/typescript/FileStorage/index.md[22m [2m(+188ms)[22m 
[2m14:15:34[22m   [34m├─[39m [2m/docs/api/typescript/FunctionTool/index.md[22m [2m(+204ms)[22m 
[2m14:15:34[22m   [34m├─[39m [2m/docs/api/typescript/HookRegistry/index.md[22m [2m(+126ms)[22m 
[2m14:15:34[22m   [34m├─[39m [2m/docs/api/typescript/GuardContentBlock/index.md[22m [2m(+186ms)[22m 
[2m14:15:35[22m   [34m├─[39m [2m/docs/api/typescript/HookableEvent/index.md[22m [2m(+104ms)[22m 
[2m14:15:35[22m   [34m├─[39m [2m/docs/api/typescript/ImageBlock/index.md[22m [2m(+141ms)[22m 
[2m14:15:35[22m   [34m├─[39m [2m/docs/api/typescript/InitializedEvent/index.md[22m [2m(+70ms)[22m 
[2m14:15:35[22m   [34m├─[39m [2m/docs/api/typescript/JsonBlock/index.md[22m [2m(+80ms)[22m 
[2m14:15:35[22m   [34m├─[39m [2m/docs/api/typescript/JsonValidationError/index.md[22m [2m(+34ms)[22m 
[2m14:15:35[22m   [34m├─[39m [2m/docs/api/typescript/McpClient/index.md[22m [2m(+117ms)[22m 
[2m14:15:35[22m   [34m├─[39m [2m/docs/api/typescript/MaxTokensError/index.md[22m [2m(+55ms)[22m 
[2m14:15:35[22m   [34m├─[39m [2m/docs/api/typescript/Message/index.md[22m [2m(+115ms)[22m 
[2m14:15:35[22m   [34m├─[39m [2m/docs/api/typescript/MessageAddedEvent/index.md[22m [2m(+77ms)[22m 
[2m14:15:35[22m   [34m├─[39m [2m/docs/api/typescript/Model/index.md[22m [2m(+130ms)[22m 
[2m14:15:35[22m   [34m├─[39m [2m/docs/api/typescript/ModelError/index.md[22m [2m(+45ms)[22m 
[2m14:15:35[22m   [34m├─[39m [2m/docs/api/typescript/ModelMessageEvent/index.md[22m [2m(+84ms)[22m 
[2m14:15:36[22m   [34m├─[39m [2m/docs/api/typescript/ModelThrottledError/index.md[22m [2m(+41ms)[22m 
[2m14:15:36[22m   [34m├─[39m [2m/docs/api/typescript/ModelStreamUpdateEvent/index.md[22m [2m(+90ms)[22m 
[2m14:15:36[22m   [34m├─[39m [2m/docs/api/typescript/NullConversationManager/index.md[22m [2m(+53ms)[22m 
[2m14:15:36[22m   [34m├─[39m [2m/docs/api/typescript/ReasoningBlock/index.md[22m [2m(+137ms)[22m 
[2m14:15:36[22m   [34m├─[39m [2m/docs/api/typescript/S3Location/index.md[22m [2m(+102ms)[22m 
[2m14:15:36[22m   [34m├─[39m [2m/docs/api/typescript/S3Storage/index.md[22m [2m(+212ms)[22m 
[2m14:15:36[22m   [34m├─[39m [2m/docs/api/typescript/SessionManager/index.md[22m [2m(+101ms)[22m 
[2m14:15:36[22m   [34m├─[39m [2m/docs/api/typescript/SlidingWindowConversationManager/index.md[22m [2m(+58ms)[22m 
[2m14:15:36[22m   [34m├─[39m [2m/docs/api/typescript/StreamEvent/index.md[22m [2m(+27ms)[22m 
[2m14:15:36[22m   [34m├─[39m [2m/docs/api/typescript/StructuredOutputException/index.md[22m [2m(+31ms)[22m 
[2m14:15:36[22m   [34m├─[39m [2m/docs/api/typescript/Swarm/index.md[22m [2m(+112ms)[22m 
[2m14:15:37[22m   [34m├─[39m [2m/docs/api/typescript/TextBlock/index.md[22m [2m(+91ms)[22m 
[2m14:15:37[22m   [34m├─[39m [2m/docs/api/typescript/Tool/index.md[22m [2m(+80ms)[22m 
[2m14:15:37[22m   [34m├─[39m [2m/docs/api/typescript/ToolResultBlock/index.md[22m [2m(+150ms)[22m 
[2m14:15:37[22m   [34m├─[39m [2m/docs/api/typescript/ToolResultEvent/index.md[22m [2m(+81ms)[22m 
[2m14:15:37[22m   [34m├─[39m [2m/docs/api/typescript/ToolStreamUpdateEvent/index.md[22m [2m(+86ms)[22m 
[2m14:15:37[22m   [34m├─[39m [2m/docs/api/typescript/ToolUseBlock/index.md[22m [2m(+148ms)[22m 
[2m14:15:37[22m   [34m├─[39m [2m/docs/api/typescript/ToolValidationError/index.md[22m [2m(+31ms)[22m 
[2m14:15:37[22m   [34m├─[39m [2m/docs/api/typescript/VideoBlock/index.md[22m [2m(+134ms)[22m 
[2m14:15:37[22m   [34m├─[39m [2m/docs/api/typescript/ZodTool/index.md[22m [2m(+215ms)[22m 
[2m14:15:38[22m   [34m├─[39m [2m/docs/api/typescript/configureLogging/index.md[22m [2m(+22ms)[22m 
[2m14:15:38[22m   [34m├─[39m [2m/docs/api/typescript/contentBlockFromData/index.md[22m [2m(+27ms)[22m 
[2m14:15:38[22m   [34m├─[39m [2m/docs/api/typescript/telemetry:getTracer/index.md[22m [2m(+16ms)[22m 
[2m14:15:38[22m   [34m├─[39m [2m/docs/api/typescript/telemetry:setupTracer/index.md[22m [2m(+23ms)[22m 
[2m14:15:38[22m   [34m├─[39m [2m/docs/api/typescript/isModelStreamEvent/index.md[22m [2m(+15ms)[22m 
[2m14:15:38[22m   [34m├─[39m [2m/docs/api/typescript/tool/index.md[22m [2m(+70ms)[22m 
[2m14:15:38[22m   [34m├─[39m [2m/docs/api/typescript/telemetry/index.md[22m [2m(+24ms)[22m 
[2m14:15:38[22m   [34m├─[39m [2m/docs/api/typescript/AgentData/index.md[22m [2m(+28ms)[22m 
[2m14:15:38[22m   [34m├─[39m [2m/docs/api/typescript/BaseModelConfig/index.md[22m [2m(+59ms)[22m 
[2m14:15:38[22m   [34m├─[39m [2m/docs/api/typescript/BedrockModelOptions/index.md[22m [2m(+273ms)[22m 
[2m14:15:38[22m   [34m├─[39m [2m/docs/api/typescript/CachePointBlockData/index.md[22m [2m(+20ms)[22m 
[2m14:15:38[22m   [34m├─[39m [2m/docs/api/typescript/BedrockModelConfig/index.md[22m [2m(+180ms)[22m 
[2m14:15:38[22m   [34m├─[39m [2m/docs/api/typescript/Citation/index.md[22m [2m(+36ms)[22m 
[2m14:15:38[22m   [34m├─[39m [2m/docs/api/typescript/CitationsBlockData/index.md[22m [2m(+25ms)[22m 
[2m14:15:38[22m   [34m├─[39m [2m/docs/api/typescript/DocumentBlockData/index.md[22m [2m(+53ms)[22m 
[2m14:15:38[22m   [34m├─[39m [2m/docs/api/typescript/CitationsDelta/index.md[22m [2m(+36ms)[22m 
[2m14:15:38[22m   [34m├─[39m [2m/docs/api/typescript/FunctionToolConfig/index.md[22m [2m(+43ms)[22m 
[2m14:15:39[22m   [34m├─[39m [2m/docs/api/typescript/GuardContentBlockData/index.md[22m [2m(+28ms)[22m 
[2m14:15:39[22m   [34m├─[39m [2m/docs/api/typescript/GuardContentText/index.md[22m [2m(+28ms)[22m 
[2m14:15:39[22m   [34m├─[39m [2m/docs/api/typescript/GuardContentImage/index.md[22m [2m(+28ms)[22m 
[2m14:15:39[22m   [34m├─[39m [2m/docs/api/typescript/HookProvider/index.md[22m [2m(+31ms)[22m 
[2m14:15:39[22m   [34m├─[39m [2m/docs/api/typescript/ImageBlockData/index.md[22m [2m(+24ms)[22m 
[2m14:15:39[22m   [34m├─[39m [2m/docs/api/typescript/InvokableTool/index.md[22m [2m(+117ms)[22m 
[2m14:15:39[22m   [34m├─[39m [2m/docs/api/typescript/Logger/index.md[22m [2m(+63ms)[22m 
[2m14:15:39[22m   [34m├─[39m [2m/docs/api/typescript/MessageData/index.md[22m [2m(+25ms)[22m 
[2m14:15:39[22m   [34m├─[39m [2m/docs/api/typescript/Metrics/index.md[22m [2m(+18ms)[22m 
[2m14:15:39[22m   [34m├─[39m [2m/docs/api/typescript/ModelContentBlockDeltaEvent/index.md[22m [2m(+46ms)[22m 
[2m14:15:39[22m   [34m├─[39m [2m/docs/api/typescript/ModelContentBlockDeltaEventData/index.md[22m [2m(+32ms)[22m 
[2m14:15:39[22m   [34m├─[39m [2m/docs/api/typescript/ModelContentBlockStartEvent/index.md[22m [2m(+40ms)[22m 
[2m14:15:39[22m   [34m├─[39m [2m/docs/api/typescript/ModelContentBlockStopEvent/index.md[22m [2m(+25ms)[22m 
[2m14:15:39[22m   [34m├─[39m [2m/docs/api/typescript/ModelContentBlockStartEventData/index.md[22m [2m(+24ms)[22m 
[2m14:15:39[22m   [34m├─[39m [2m/docs/api/typescript/ModelMessageStartEvent/index.md[22m [2m(+39ms)[22m 
[2m14:15:39[22m   [34m├─[39m [2m/docs/api/typescript/ModelMessageStartEventData/index.md[22m [2m(+30ms)[22m 
[2m14:15:39[22m   [34m├─[39m [2m/docs/api/typescript/ModelMessageStopEvent/index.md[22m [2m(+46ms)[22m 
[2m14:15:39[22m   [34m├─[39m [2m/docs/api/typescript/ModelMetadataEvent/index.md[22m [2m(+60ms)[22m 
[2m14:15:39[22m   [34m├─[39m [2m/docs/api/typescript/ModelMessageStopEventData/index.md[22m [2m(+32ms)[22m 
[2m14:15:39[22m   [34m├─[39m [2m/docs/api/typescript/ModelMetadataEventData/index.md[22m [2m(+36ms)[22m 
[2m14:15:39[22m   [34m├─[39m [2m/docs/api/typescript/ReasoningBlockData/index.md[22m [2m(+31ms)[22m 
[2m14:15:39[22m   [34m├─[39m [2m/docs/api/typescript/ModelStopResponse/index.md[22m [2m(+25ms)[22m 
[2m14:15:39[22m   [34m├─[39m [2m/docs/api/typescript/ReasoningContentDelta/index.md[22m [2m(+37ms)[22m 
[2m14:15:39[22m   [34m├─[39m [2m/docs/api/typescript/S3LocationData/index.md[22m [2m(+24ms)[22m 
[2m14:15:39[22m   [34m├─[39m [2m/docs/api/typescript/SessionManagerConfig/index.md[22m [2m(+44ms)[22m 
[2m14:15:39[22m   [34m├─[39m [2m/docs/api/typescript/Snapshot/index.md[22m [2m(+42ms)[22m 
[2m14:15:39[22m   [34m├─[39m [2m/docs/api/typescript/SnapshotManifest/index.md[22m [2m(+25ms)[22m 
[2m14:15:40[22m   [34m├─[39m [2m/docs/api/typescript/SnapshotStorage/index.md[22m [2m(+125ms)[22m 
[2m14:15:40[22m   [34m├─[39m [2m/docs/api/typescript/SnapshotTriggerParams/index.md[22m [2m(+19ms)[22m 
[2m14:15:40[22m   [34m├─[39m [2m/docs/api/typescript/TasksConfig/index.md[22m [2m(+24ms)[22m 
[2m14:15:40[22m   [34m├─[39m [2m/docs/api/typescript/StreamOptions/index.md[22m [2m(+32ms)[22m 
[2m14:15:40[22m   [34m├─[39m [2m/docs/api/typescript/TextBlockData/index.md[22m [2m(+22ms)[22m 
[2m14:15:40[22m   [34m├─[39m [2m/docs/api/typescript/ToolContext/index.md[22m [2m(+29ms)[22m 
[2m14:15:40[22m   [34m├─[39m [2m/docs/api/typescript/TextDelta/index.md[22m [2m(+30ms)[22m 
[2m14:15:40[22m   [34m├─[39m [2m/docs/api/typescript/ToolResultBlockData/index.md[22m [2m(+46ms)[22m 
[2m14:15:40[22m   [34m├─[39m [2m/docs/api/typescript/ToolSpec/index.md[22m [2m(+33ms)[22m 
[2m14:15:40[22m   [34m├─[39m [2m/docs/api/typescript/ToolStreamEvent/index.md[22m [2m(+46ms)[22m 
[2m14:15:40[22m   [34m├─[39m [2m/docs/api/typescript/ToolStreamEventData/index.md[22m [2m(+27ms)[22m 
[2m14:15:40[22m   [34m├─[39m [2m/docs/api/typescript/ToolUseBlockData/index.md[22m [2m(+41ms)[22m 
[2m14:15:40[22m   [34m├─[39m [2m/docs/api/typescript/ToolUseInputDelta/index.md[22m [2m(+29ms)[22m 
[2m14:15:40[22m   [34m├─[39m [2m/docs/api/typescript/ToolUse/index.md[22m [2m(+35ms)[22m 
[2m14:15:40[22m   [34m├─[39m [2m/docs/api/typescript/ToolUseStart/index.md[22m [2m(+47ms)[22m 
[2m14:15:40[22m   [34m├─[39m [2m/docs/api/typescript/telemetry:TracerConfig/index.md[22m [2m(+37ms)[22m 
[2m14:15:40[22m   [34m├─[39m [2m/docs/api/typescript/Usage/index.md[22m [2m(+52ms)[22m 
[2m14:15:40[22m   [34m├─[39m [2m/docs/api/typescript/VideoBlockData/index.md[22m [2m(+29ms)[22m 
[2m14:15:40[22m   [34m├─[39m [2m/docs/api/typescript/ZodToolConfig/index.md[22m [2m(+62ms)[22m 
[2m14:15:40[22m   [34m├─[39m [2m/docs/api/typescript/AgentConfig/index.md[22m [2m(+132ms)[22m 
[2m14:15:40[22m   [34m├─[39m [2m/docs/api/typescript/AgentStreamEvent/index.md[22m [2m(+19ms)[22m 
[2m14:15:40[22m   [34m├─[39m [2m/docs/api/typescript/CitationGeneratedContent/index.md[22m [2m(+22ms)[22m 
[2m14:15:40[22m   [34m├─[39m [2m/docs/api/typescript/CitationSourceContent/index.md[22m [2m(+22ms)[22m 
[2m14:15:40[22m   [34m├─[39m [2m/docs/api/typescript/CitationLocation/index.md[22m [2m(+91ms)[22m 
[2m14:15:41[22m   [34m├─[39m [2m/docs/api/typescript/ContentBlock/index.md[22m [2m(+12ms)[22m 
[2m14:15:41[22m   [34m├─[39m [2m/docs/api/typescript/ContentBlockData/index.md[22m [2m(+17ms)[22m 
[2m14:15:41[22m   [34m├─[39m [2m/docs/api/typescript/ContentBlockDelta/index.md[22m [2m(+11ms)[22m 
[2m14:15:41[22m   [34m├─[39m [2m/docs/api/typescript/ContentBlockStart/index.md[22m [2m(+7ms)[22m 
[2m14:15:41[22m   [34m├─[39m [2m/docs/api/typescript/DocumentContentBlock/index.md[22m [2m(+9ms)[22m 
[2m14:15:41[22m   [34m├─[39m [2m/docs/api/typescript/DocumentContentBlockData/index.md[22m [2m(+7ms)[22m 
[2m14:15:41[22m   [34m├─[39m [2m/docs/api/typescript/DocumentSource/index.md[22m [2m(+11ms)[22m 
[2m14:15:41[22m   [34m├─[39m [2m/docs/api/typescript/DocumentFormat/index.md[22m [2m(+15ms)[22m 
[2m14:15:41[22m   [34m├─[39m [2m/docs/api/typescript/DocumentSourceData/index.md[22m [2m(+8ms)[22m 
[2m14:15:41[22m   [34m├─[39m [2m/docs/api/typescript/FunctionToolCallback/index.md[22m [2m(+42ms)[22m 
[2m14:15:41[22m   [34m├─[39m [2m/docs/api/typescript/GuardImageFormat/index.md[22m [2m(+7ms)[22m 
[2m14:15:41[22m   [34m├─[39m [2m/docs/api/typescript/GuardImageSource/index.md[22m [2m(+20ms)[22m 
[2m14:15:41[22m   [34m├─[39m [2m/docs/api/typescript/GuardQualifier/index.md[22m [2m(+12ms)[22m 
[2m14:15:41[22m   [34m├─[39m [2m/docs/api/typescript/HookCallback/index.md[22m [2m(+30ms)[22m 
[2m14:15:41[22m   [34m├─[39m [2m/docs/api/typescript/HookableEventConstructor/index.md[22m [2m(+28ms)[22m 
[2m14:15:41[22m   [34m├─[39m [2m/docs/api/typescript/ImageFormat/index.md[22m [2m(+9ms)[22m 
[2m14:15:41[22m   [34m├─[39m [2m/docs/api/typescript/ImageSource/index.md[22m [2m(+10ms)[22m 
[2m14:15:41[22m   [34m├─[39m [2m/docs/api/typescript/ImageSourceData/index.md[22m [2m(+7ms)[22m 
[2m14:15:41[22m   [34m├─[39m [2m/docs/api/typescript/JSONSchema/index.md[22m [2m(+16ms)[22m 
[2m14:15:41[22m   [34m├─[39m [2m/docs/api/typescript/JSONValue/index.md[22m [2m(+15ms)[22m 
[2m14:15:41[22m   [34m├─[39m [2m/docs/api/typescript/McpClientConfig/index.md[22m [2m(+30ms)[22m 
[2m14:15:41[22m   [34m├─[39m [2m/docs/api/typescript/ModelStreamEvent/index.md[22m [2m(+8ms)[22m 
[2m14:15:41[22m   [34m├─[39m [2m/docs/api/typescript/Role/index.md[22m [2m(+9ms)[22m 
[2m14:15:41[22m   [34m├─[39m [2m/docs/api/typescript/S3StorageConfig/index.md[22m [2m(+41ms)[22m 
[2m14:15:41[22m   [34m├─[39m [2m/docs/api/typescript/SaveLatestStrategy/index.md[22m [2m(+8ms)[22m 
[2m14:15:41[22m   [34m├─[39m [2m/docs/api/typescript/Scope/index.md[22m [2m(+9ms)[22m 
[2m14:15:41[22m   [34m├─[39m [2m/docs/api/typescript/SessionStorage/index.md[22m [2m(+23ms)[22m 
[2m14:15:41[22m   [34m├─[39m [2m/docs/api/typescript/SlidingWindowConversationManagerConfig/index.md[22m [2m(+27ms)[22m 
[2m14:15:41[22m   [34m├─[39m [2m/docs/api/typescript/SnapshotLocation/index.md[22m [2m(+34ms)[22m 
[2m14:15:41[22m   [34m├─[39m [2m/docs/api/typescript/SnapshotTriggerCallback/index.md[22m [2m(+25ms)[22m 
[2m14:15:41[22m   [34m├─[39m [2m/docs/api/typescript/SystemContentBlock/index.md[22m [2m(+8ms)[22m 
[2m14:15:41[22m   [34m├─[39m [2m/docs/api/typescript/SystemPrompt/index.md[22m [2m(+15ms)[22m 
[2m14:15:41[22m   [34m├─[39m [2m/docs/api/typescript/SystemPromptData/index.md[22m [2m(+11ms)[22m 
[2m14:15:41[22m   [34m├─[39m [2m/docs/api/typescript/StopReason/index.md[22m [2m(+12ms)[22m 
[2m14:15:41[22m   [34m├─[39m [2m/docs/api/typescript/ToolChoice/index.md[22m [2m(+10ms)[22m 
[2m14:15:41[22m   [34m├─[39m [2m/docs/api/typescript/ToolList/index.md[22m [2m(+11ms)[22m 
[2m14:15:41[22m   [34m├─[39m [2m/docs/api/typescript/ToolResultContent/index.md[22m [2m(+8ms)[22m 
[2m14:15:41[22m   [34m├─[39m [2m/docs/api/typescript/ToolResultStatus/index.md[22m [2m(+11ms)[22m 
[2m14:15:41[22m   [34m├─[39m [2m/docs/api/typescript/VideoFormat/index.md[22m [2m(+11ms)[22m 
[2m14:15:41[22m   [34m├─[39m [2m/docs/api/typescript/VideoSource/index.md[22m [2m(+9ms)[22m 
[2m14:15:41[22m   [34m├─[39m [2m/docs/api/typescript/VideoSourceData/index.md[22m [2m(+11ms)[22m 
[2m14:15:41[22m   [34m├─[39m [2m/docs/api/typescript/ToolStreamGenerator/index.md[22m [2m(+8ms)[22m 
[2m14:15:41[22m   [34m└─[39m [2m/docs/user-guide/guides/agentic-development/index.md[22m [2m(+172ms)[22m 
[2m14:15:41[22m [32m▶[39m src/pages/index.astro
[2m14:15:41[22m   [34m└─[39m [2m/index.html[22m [2m(+7ms)[22m 
[2m14:15:41[22m [32m▶[39m @astrojs/starlight/routes/static/index.astro
[33m[1m14:15:41[22m [WARN] [build][39m Could not render `/404` from route `/[...slug]` as it conflicts with higher priority route `/404`.
[2m14:15:41[22m   [34m├─[39m [2m/docs/llms/index.html[22m [2m(+42ms)[22m 
[2m14:15:41[22m   [34m├─[39m [2m/docs/index.html[22m [2m(+83ms)[22m 
[2m14:15:41[22m   [34m├─[39m [2m/docs/community/community-packages/index.html[22m [2m(+91ms)[22m 
[2m14:15:42[22m   [34m├─[39m [2m/docs/community/get-featured/index.html[22m [2m(+55ms)[22m 
[2m14:15:42[22m   [34m├─[39m [2m/docs/contribute/index.html[22m [2m(+53ms)[22m 
[2m14:15:42[22m   [34m├─[39m [2m/docs/examples/index.html[22m [2m(+87ms)[22m 
[2m14:15:42[22m   [34m├─[39m [2m/docs/labs/ai-functions/index.html[22m [2m(+70ms)[22m 
[2m14:15:42[22m   [34m├─[39m [2m/docs/labs/index.html[22m [2m(+42ms)[22m 
[2m14:15:42[22m   [34m├─[39m [2m/docs/labs/robots-sim/index.html[22m [2m(+90ms)[22m 
[2m14:15:42[22m   [34m├─[39m [2m/docs/user-guide/quickstart/index.html[22m [2m(+255ms)[22m 
[2m14:15:42[22m   [34m├─[39m [2m/docs/labs/robots/index.html[22m [2m(+95ms)[22m 
[2m14:15:42[22m   [34m├─[39m [2m/docs/user-guide/versioning-and-support/index.html[22m [2m(+136ms)[22m 
[2m14:15:42[22m   [34m├─[39m [2m/docs/api/typescript/index.html[22m [2m(+76ms)[22m 
[2m14:15:43[22m   [34m├─[39m [2m/docs/api/python/index.html[22m [2m(+47ms)[22m 
[2m14:15:43[22m   [34m├─[39m [2m/docs/community/integrations/ag-ui/index.html[22m [2m(+90ms)[22m 
[2m14:15:43[22m   [34m├─[39m [2m/docs/community/model-providers/clova-studio/index.html[22m [2m(+55ms)[22m 
[2m14:15:43[22m   [34m├─[39m [2m/docs/community/model-providers/cohere/index.html[22m [2m(+59ms)[22m 
[2m14:15:43[22m   [34m├─[39m [2m/docs/community/model-providers/fireworksai/index.html[22m [2m(+66ms)[22m 
[2m14:15:43[22m   [34m├─[39m [2m/docs/community/model-providers/mlx/index.html[22m [2m(+76ms)[22m 
[2m14:15:43[22m   [34m├─[39m [2m/docs/community/model-providers/nebius-token-factory/index.html[22m [2m(+70ms)[22m 
[2m14:15:43[22m   [34m├─[39m [2m/docs/community/model-providers/nvidia-nim/index.html[22m [2m(+72ms)[22m 
[2m14:15:43[22m   [34m├─[39m [2m/docs/community/model-providers/sglang/index.html[22m [2m(+87ms)[22m 
[2m14:15:43[22m   [34m├─[39m [2m/docs/community/model-providers/vllm/index.html[22m [2m(+111ms)[22m 
[2m14:15:43[22m   [34m├─[39m [2m/docs/community/model-providers/xai/index.html[22m [2m(+73ms)[22m 
[2m14:15:43[22m   [34m├─[39m [2m/docs/community/session-managers/agentcore-memory/index.html[22m [2m(+91ms)[22m 
[2m14:15:43[22m   [34m├─[39m [2m/docs/community/session-managers/strands-valkey-session-manager/index.html[22m [2m(+55ms)[22m 
[2m14:15:44[22m   [34m├─[39m [2m/docs/community/tools/strands-deepgram/index.html[22m [2m(+46ms)[22m 
[2m14:15:44[22m   [34m├─[39m [2m/docs/community/tools/strands-teams/index.html[22m [2m(+41ms)[22m 
[2m14:15:44[22m   [34m├─[39m [2m/docs/community/tools/strands-hubspot/index.html[22m [2m(+41ms)[22m 
[2m14:15:44[22m   [34m├─[39m [2m/docs/community/tools/strands-telegram-listener/index.html[22m [2m(+43ms)[22m 
[2m14:15:44[22m   [34m├─[39m [2m/docs/community/tools/strands-telegram/index.html[22m [2m(+46ms)[22m 
[2m14:15:44[22m   [34m├─[39m [2m/docs/community/tools/utcp/index.html[22m [2m(+37ms)[22m 
[2m14:15:44[22m   [34m├─[39m [2m/docs/contribute/contributing/core-sdk/index.html[22m [2m(+72ms)[22m 
[2m14:15:44[22m   [34m├─[39m [2m/docs/contribute/contributing/documentation/index.html[22m [2m(+38ms)[22m 
[2m14:15:44[22m   [34m├─[39m [2m/docs/contribute/contributing/extensions/index.html[22m [2m(+41ms)[22m 
[2m14:15:44[22m   [34m├─[39m [2m/docs/contribute/contributing/feature-proposals/index.html[22m [2m(+31ms)[22m 
[2m14:15:44[22m   [34m├─[39m [2m/docs/examples/python/cli-reference-agent/index.html[22m [2m(+56ms)[22m 
[2m14:15:44[22m   [34m├─[39m [2m/docs/examples/python/file_operations/index.html[22m [2m(+52ms)[22m 
[2m14:15:44[22m   [34m├─[39m [2m/docs/examples/python/agents_workflows/index.html[22m [2m(+50ms)[22m 
[2m14:15:44[22m   [34m├─[39m [2m/docs/examples/python/graph_loops_example/index.html[22m [2m(+62ms)[22m 
[2m14:15:44[22m   [34m├─[39m [2m/docs/examples/python/mcp_calculator/index.html[22m [2m(+47ms)[22m 
[2m14:15:44[22m   [34m├─[39m [2m/docs/examples/python/knowledge_base_agent/index.html[22m [2m(+47ms)[22m 
[2m14:15:44[22m   [34m├─[39m [2m/docs/examples/python/memory_agent/index.html[22m [2m(+51ms)[22m 
[2m14:15:44[22m   [34m├─[39m [2m/docs/examples/python/multimodal/index.html[22m [2m(+57ms)[22m 
[2m14:15:44[22m   [34m├─[39m [2m/docs/examples/python/meta_tooling/index.html[22m [2m(+45ms)[22m 
[2m14:15:44[22m   [34m├─[39m [2m/docs/examples/python/structured_output/index.html[22m [2m(+38ms)[22m 
[2m14:15:44[22m   [34m├─[39m [2m/docs/examples/python/weather_forecaster/index.html[22m [2m(+54ms)[22m 
[2m14:15:44[22m   [34m├─[39m [2m/docs/user-guide/concepts/interrupts/index.html[22m [2m(+97ms)[22m 
[2m14:15:45[22m   [34m├─[39m [2m/docs/user-guide/deploy/deploy_to_amazon_ec2/index.html[22m [2m(+75ms)[22m 
[2m14:15:45[22m   [34m├─[39m [2m/docs/user-guide/deploy/deploy_to_amazon_eks/index.html[22m [2m(+73ms)[22m 
[2m14:15:45[22m   [34m├─[39m [2m/docs/user-guide/deploy/deploy_to_aws_apprunner/index.html[22m [2m(+74ms)[22m 
[2m14:15:45[22m   [34m├─[39m [2m/docs/user-guide/deploy/deploy_to_aws_fargate/index.html[22m [2m(+78ms)[22m 
[2m14:15:45[22m   [34m├─[39m [2m/docs/user-guide/deploy/deploy_to_aws_lambda/index.html[22m [2m(+93ms)[22m 
[2m14:15:45[22m   [34m├─[39m [2m/docs/user-guide/deploy/deploy_to_kubernetes/index.html[22m [2m(+88ms)[22m 
[2m14:15:45[22m   [34m├─[39m [2m/docs/user-guide/deploy/deploy_to_terraform/index.html[22m [2m(+180ms)[22m 
[2m14:15:45[22m   [34m├─[39m [2m/docs/user-guide/deploy/operating-agents-in-production/index.html[22m [2m(+106ms)[22m 
[2m14:15:45[22m   [34m├─[39m [2m/docs/user-guide/evals-sdk/experiment_generator/index.html[22m [2m(+137ms)[22m 
[2m14:15:45[22m   [34m├─[39m [2m/docs/user-guide/evals-sdk/eval-sop/index.html[22m [2m(+153ms)[22m 
[2m14:15:46[22m   [34m├─[39m [2m/docs/user-guide/evals-sdk/quickstart/index.html[22m [2m(+93ms)[22m 
[2m14:15:46[22m   [34m├─[39m [2m/docs/user-guide/observability-evaluation/evaluation/index.html[22m [2m(+59ms)[22m 
[2m14:15:46[22m   [34m├─[39m [2m/docs/user-guide/observability-evaluation/logs/index.html[22m [2m(+61ms)[22m 
[2m14:15:46[22m   [34m├─[39m [2m/docs/user-guide/observability-evaluation/metrics/index.html[22m [2m(+78ms)[22m 
[2m14:15:46[22m   [34m├─[39m [2m/docs/user-guide/observability-evaluation/observability/index.html[22m [2m(+65ms)[22m 
[2m14:15:46[22m   [34m├─[39m [2m/docs/user-guide/observability-evaluation/traces/index.html[22m [2m(+131ms)[22m 
[2m14:15:46[22m   [34m├─[39m [2m/docs/user-guide/quickstart/overview/index.html[22m [2m(+16ms)[22m 
[2m14:15:46[22m   [34m├─[39m [2m/docs/user-guide/quickstart/python/index.html[22m [2m(+212ms)[22m 
[2m14:15:46[22m   [34m├─[39m [2m/docs/user-guide/quickstart/typescript/index.html[22m [2m(+102ms)[22m 
[2m14:15:46[22m   [34m├─[39m [2m/docs/user-guide/safety-security/guardrails/index.html[22m [2m(+51ms)[22m 
[2m14:15:47[22m   [34m├─[39m [2m/docs/user-guide/safety-security/pii-redaction/index.html[22m [2m(+76ms)[22m 
[2m14:15:47[22m   [34m├─[39m [2m/docs/user-guide/safety-security/prompt-engineering/index.html[22m [2m(+38ms)[22m 
[2m14:15:47[22m   [34m├─[39m [2m/docs/user-guide/safety-security/responsible-ai/index.html[22m [2m(+38ms)[22m 
[2m14:15:47[22m   [34m├─[39m [2m/docs/examples/python/multi_agent_example/multi_agent_example/index.html[22m [2m(+67ms)[22m 
[2m14:15:47[22m   [34m├─[39m [2m/docs/user-guide/concepts/agents/agent-loop/index.html[22m [2m(+78ms)[22m 
[2m14:15:47[22m   [34m├─[39m [2m/docs/user-guide/concepts/agents/conversation-management/index.html[22m [2m(+93ms)[22m 
[2m14:15:47[22m   [34m├─[39m [2m/docs/user-guide/concepts/agents/hooks/index.html[22m [2m(+214ms)[22m 
[2m14:15:47[22m   [34m├─[39m [2m/docs/user-guide/concepts/agents/prompts/index.html[22m [2m(+62ms)[22m 
[2m14:15:47[22m   [34m├─[39m [2m/docs/user-guide/concepts/agents/retry-strategies/index.html[22m [2m(+38ms)[22m 
[2m14:15:47[22m   [34m├─[39m [2m/docs/user-guide/concepts/agents/state/index.html[22m [2m(+80ms)[22m 
[2m14:15:47[22m   [34m├─[39m [2m/docs/user-guide/concepts/agents/session-management/index.html[22m [2m(+106ms)[22m 
[2m14:15:47[22m   [34m├─[39m [2m/docs/user-guide/concepts/agents/structured-output/index.html[22m [2m(+150ms)[22m 
[2m14:15:48[22m   [34m├─[39m [2m/docs/user-guide/concepts/bidirectional-streaming/agent/index.html[22m [2m(+146ms)[22m 
[2m14:15:48[22m   [34m├─[39m [2m/docs/user-guide/concepts/bidirectional-streaming/events/index.html[22m [2m(+124ms)[22m 
[2m14:15:48[22m   [34m├─[39m [2m/docs/user-guide/concepts/bidirectional-streaming/hooks/index.html[22m [2m(+98ms)[22m 
[2m14:15:48[22m   [34m├─[39m [2m/docs/user-guide/concepts/bidirectional-streaming/interruption/index.html[22m [2m(+47ms)[22m 
[2m14:15:48[22m   [34m├─[39m [2m/docs/user-guide/concepts/bidirectional-streaming/io/index.html[22m [2m(+50ms)[22m 
[2m14:15:48[22m   [34m├─[39m [2m/docs/user-guide/concepts/bidirectional-streaming/quickstart/index.html[22m [2m(+152ms)[22m 
[2m14:15:48[22m   [34m├─[39m [2m/docs/user-guide/concepts/bidirectional-streaming/session-management/index.html[22m [2m(+84ms)[22m 
[2m14:15:48[22m   [34m├─[39m [2m/docs/user-guide/concepts/experimental/agent-config/index.html[22m [2m(+59ms)[22m 
[2m14:15:48[22m   [34m├─[39m [2m/docs/user-guide/concepts/experimental/steering/index.html[22m [2m(+50ms)[22m 
[2m14:15:48[22m   [34m├─[39m [2m/docs/user-guide/concepts/model-providers/amazon-bedrock/index.html[22m [2m(+270ms)[22m 
[2m14:15:49[22m   [34m├─[39m [2m/docs/user-guide/concepts/model-providers/amazon-nova/index.html[22m [2m(+52ms)[22m 
[2m14:15:49[22m   [34m├─[39m [2m/docs/user-guide/concepts/model-providers/anthropic/index.html[22m [2m(+73ms)[22m 
[2m14:15:49[22m   [34m├─[39m [2m/docs/user-guide/concepts/model-providers/clova-studio/index.html[22m [2m(+16ms)[22m 
[2m14:15:49[22m   [34m├─[39m [2m/docs/user-guide/concepts/model-providers/cohere/index.html[22m [2m(+13ms)[22m 
[2m14:15:49[22m   [34m├─[39m [2m/docs/user-guide/concepts/model-providers/custom_model_provider/index.html[22m [2m(+211ms)[22m 
[2m14:15:49[22m   [34m├─[39m [2m/docs/user-guide/concepts/model-providers/fireworksai/index.html[22m [2m(+11ms)[22m 
[2m14:15:49[22m   [34m├─[39m [2m/docs/user-guide/concepts/model-providers/gemini/index.html[22m [2m(+145ms)[22m 
[2m14:15:49[22m   [34m├─[39m [2m/docs/user-guide/concepts/model-providers/index.html[22m [2m(+106ms)[22m 
[2m14:15:49[22m   [34m├─[39m [2m/docs/user-guide/concepts/model-providers/litellm/index.html[22m [2m(+83ms)[22m 
[2m14:15:49[22m   [34m├─[39m [2m/docs/user-guide/concepts/model-providers/llamaapi/index.html[22m [2m(+75ms)[22m 
[2m14:15:49[22m   [34m├─[39m [2m/docs/user-guide/concepts/model-providers/llamacpp/index.html[22m [2m(+74ms)[22m 
[2m14:15:49[22m   [34m├─[39m [2m/docs/user-guide/concepts/model-providers/mistral/index.html[22m [2m(+51ms)[22m 
[2m14:15:50[22m   [34m├─[39m [2m/docs/user-guide/concepts/model-providers/nebius-token-factory/index.html[22m [2m(+11ms)[22m 
[2m14:15:50[22m   [34m├─[39m [2m/docs/user-guide/concepts/model-providers/ollama/index.html[22m [2m(+87ms)[22m 
[2m14:15:50[22m   [34m├─[39m [2m/docs/user-guide/concepts/model-providers/openai/index.html[22m [2m(+111ms)[22m 
[2m14:15:50[22m   [34m├─[39m [2m/docs/user-guide/concepts/model-providers/sagemaker/index.html[22m [2m(+73ms)[22m 
[2m14:15:50[22m   [34m├─[39m [2m/docs/user-guide/concepts/model-providers/writer/index.html[22m [2m(+129ms)[22m 
[2m14:15:50[22m   [34m├─[39m [2m/docs/user-guide/concepts/model-providers/xai/index.html[22m [2m(+11ms)[22m 
[2m14:15:50[22m   [34m├─[39m [2m/docs/user-guide/concepts/multi-agent/agent-to-agent/index.html[22m [2m(+162ms)[22m 
[2m14:15:50[22m   [34m├─[39m [2m/docs/user-guide/concepts/multi-agent/agents-as-tools/index.html[22m [2m(+57ms)[22m 
[2m14:15:50[22m   [34m├─[39m [2m/docs/user-guide/concepts/multi-agent/graph/index.html[22m [2m(+168ms)[22m 
[2m14:15:50[22m   [34m├─[39m [2m/docs/user-guide/concepts/multi-agent/multi-agent-patterns/index.html[22m [2m(+95ms)[22m 
[2m14:15:50[22m   [34m├─[39m [2m/docs/user-guide/concepts/multi-agent/swarm/index.html[22m [2m(+98ms)[22m 
[2m14:15:51[22m   [34m├─[39m [2m/docs/user-guide/concepts/tools/community-tools-package/index.html[22m [2m(+196ms)[22m 
[2m14:15:51[22m   [34m├─[39m [2m/docs/user-guide/concepts/multi-agent/workflow/index.html[22m [2m(+70ms)[22m 
[2m14:15:51[22m   [34m├─[39m [2m/docs/user-guide/concepts/tools/custom-tools/index.html[22m [2m(+219ms)[22m 
[2m14:15:51[22m   [34m├─[39m [2m/docs/user-guide/concepts/tools/executors/index.html[22m [2m(+37ms)[22m 
[2m14:15:51[22m   [34m├─[39m [2m/docs/user-guide/concepts/tools/index.html[22m [2m(+135ms)[22m 
[2m14:15:51[22m   [34m├─[39m [2m/docs/user-guide/concepts/tools/mcp-tools/index.html[22m [2m(+133ms)[22m 
[2m14:15:51[22m   [34m├─[39m [2m/docs/user-guide/concepts/streaming/async-iterators/index.html[22m [2m(+65ms)[22m 
[2m14:15:51[22m   [34m├─[39m [2m/docs/user-guide/concepts/streaming/callback-handlers/index.html[22m [2m(+53ms)[22m 
[2m14:15:51[22m   [34m├─[39m [2m/docs/user-guide/concepts/streaming/index.html[22m [2m(+119ms)[22m 
[2m14:15:52[22m   [34m├─[39m [2m/docs/user-guide/deploy/deploy_to_bedrock_agentcore/index.html[22m [2m(+46ms)[22m 
[2m14:15:52[22m   [34m├─[39m [2m/docs/user-guide/deploy/deploy_to_bedrock_agentcore/python/index.html[22m [2m(+154ms)[22m 
[2m14:15:52[22m   [34m├─[39m [2m/docs/user-guide/deploy/deploy_to_bedrock_agentcore/typescript/index.html[22m [2m(+132ms)[22m 
[2m14:15:52[22m   [34m├─[39m [2m/docs/user-guide/deploy/deploy_to_docker/index.html[22m [2m(+21ms)[22m 
[2m14:15:52[22m   [34m├─[39m [2m/docs/user-guide/deploy/deploy_to_docker/python/index.html[22m [2m(+94ms)[22m 
[2m14:15:52[22m   [34m├─[39m [2m/docs/user-guide/deploy/deploy_to_docker/typescript/index.html[22m [2m(+100ms)[22m 
[2m14:15:52[22m   [34m├─[39m [2m/docs/user-guide/evals-sdk/evaluators/custom_evaluator/index.html[22m [2m(+93ms)[22m 
[2m14:15:52[22m   [34m├─[39m [2m/docs/user-guide/evals-sdk/evaluators/faithfulness_evaluator/index.html[22m [2m(+145ms)[22m 
[2m14:15:52[22m   [34m├─[39m [2m/docs/user-guide/evals-sdk/evaluators/goal_success_rate_evaluator/index.html[22m [2m(+210ms)[22m 
[2m14:15:53[22m   [34m├─[39m [2m/docs/user-guide/evals-sdk/evaluators/helpfulness_evaluator/index.html[22m [2m(+133ms)[22m 
[2m14:15:53[22m   [34m├─[39m [2m/docs/user-guide/evals-sdk/evaluators/index.html[22m [2m(+151ms)[22m 
[2m14:15:53[22m   [34m├─[39m [2m/docs/user-guide/evals-sdk/evaluators/interactions_evaluator/index.html[22m [2m(+125ms)[22m 
[2m14:15:53[22m   [34m├─[39m [2m/docs/user-guide/evals-sdk/evaluators/output_evaluator/index.html[22m [2m(+62ms)[22m 
[2m14:15:53[22m   [34m├─[39m [2m/docs/user-guide/evals-sdk/evaluators/tool_parameter_evaluator/index.html[22m [2m(+88ms)[22m 
[2m14:15:53[22m   [34m├─[39m [2m/docs/user-guide/evals-sdk/evaluators/tool_selection_evaluator/index.html[22m [2m(+103ms)[22m 
[2m14:15:53[22m   [34m├─[39m [2m/docs/user-guide/evals-sdk/evaluators/trajectory_evaluator/index.html[22m [2m(+112ms)[22m 
[2m14:15:53[22m   [34m├─[39m [2m/docs/user-guide/evals-sdk/how-to/agentcore_evaluation_dashboard/index.html[22m [2m(+136ms)[22m 
[2m14:15:53[22m   [34m├─[39m [2m/docs/user-guide/evals-sdk/how-to/experiment_management/index.html[22m [2m(+74ms)[22m 
[2m14:15:54[22m   [34m├─[39m [2m/docs/user-guide/evals-sdk/how-to/serialization/index.html[22m [2m(+89ms)[22m 
[2m14:15:54[22m   [34m├─[39m [2m/docs/user-guide/evals-sdk/simulators/index.html[22m [2m(+95ms)[22m 
[2m14:15:54[22m   [34m├─[39m [2m/docs/user-guide/evals-sdk/simulators/user_simulation/index.html[22m [2m(+158ms)[22m 
[2m14:15:54[22m   [34m├─[39m [2m/docs/user-guide/concepts/bidirectional-streaming/models/gemini_live/index.html[22m [2m(+78ms)[22m 
[2m14:15:54[22m   [34m├─[39m [2m/docs/user-guide/concepts/bidirectional-streaming/models/nova_sonic/index.html[22m [2m(+62ms)[22m 
[2m14:15:54[22m   [34m├─[39m [2m/docs/user-guide/concepts/bidirectional-streaming/models/openai_realtime/index.html[22m [2m(+70ms)[22m 
[2m14:15:54[22m   [34m├─[39m [2m/docs/api/python/strands.agent.a2a_agent/index.html[22m [2m(+50ms)[22m 
[2m14:15:54[22m   [34m├─[39m [2m/docs/api/python/strands.agent.agent/index.html[22m [2m(+112ms)[22m 
[2m14:15:54[22m   [34m├─[39m [2m/docs/api/python/strands.agent.agent_result/index.html[22m [2m(+37ms)[22m 
[2m14:15:54[22m   [34m├─[39m [2m/docs/api/python/strands.agent.base/index.html[22m [2m(+36ms)[22m 
[2m14:15:54[22m   [34m├─[39m [2m/docs/api/python/strands.agent.conversation_manager.conversation_manager/index.html[22m [2m(+63ms)[22m 
[2m14:15:54[22m   [34m├─[39m [2m/docs/api/python/strands.agent.conversation_manager.null_conversation_manager/index.html[22m [2m(+33ms)[22m 
[2m14:15:54[22m   [34m├─[39m [2m/docs/api/python/strands.agent.conversation_manager.sliding_window_conversation_manager/index.html[22m [2m(+54ms)[22m 
[2m14:15:54[22m   [34m├─[39m [2m/docs/api/python/strands.agent.conversation_manager.summarizing_conversation_manager/index.html[22m [2m(+51ms)[22m 
[2m14:15:55[22m   [34m├─[39m [2m/docs/api/python/strands.event_loop.event_loop/index.html[22m [2m(+28ms)[22m 
[2m14:15:55[22m   [34m├─[39m [2m/docs/api/python/strands.experimental.agent_config/index.html[22m [2m(+22ms)[22m 
[2m14:15:55[22m   [34m├─[39m [2m/docs/api/python/strands.event_loop.streaming/index.html[22m [2m(+77ms)[22m 
[2m14:15:55[22m   [34m├─[39m [2m/docs/api/python/strands.experimental.bidi.agent.agent/index.html[22m [2m(+82ms)[22m 
[2m14:15:55[22m   [34m├─[39m [2m/docs/api/python/strands.experimental.bidi.agent.loop/index.html[22m [2m(+47ms)[22m 
[2m14:15:55[22m   [34m├─[39m [2m/docs/api/python/strands.experimental.bidi.io.audio/index.html[22m [2m(+140ms)[22m 
[2m14:15:55[22m   [34m├─[39m [2m/docs/api/python/strands.experimental.bidi.io.text/index.html[22m [2m(+84ms)[22m 
[2m14:15:55[22m   [34m├─[39m [2m/docs/api/python/strands.experimental.bidi/index.html[22m [2m(+21ms)[22m 
[2m14:15:55[22m   [34m├─[39m [2m/docs/api/python/strands.experimental.bidi.models.gemini_live/index.html[22m [2m(+57ms)[22m 
[2m14:15:55[22m   [34m├─[39m [2m/docs/api/python/strands.experimental.bidi.models/index.html[22m [2m(+20ms)[22m 
[2m14:15:55[22m   [34m├─[39m [2m/docs/api/python/strands.experimental.bidi.models.model/index.html[22m [2m(+61ms)[22m 
[2m14:15:55[22m   [34m├─[39m [2m/docs/api/python/strands.experimental.bidi.models.nova_sonic/index.html[22m [2m(+49ms)[22m 
[2m14:15:55[22m   [34m├─[39m [2m/docs/api/python/strands.experimental.bidi.models.openai_realtime/index.html[22m [2m(+55ms)[22m 
[2m14:15:55[22m   [34m├─[39m [2m/docs/api/python/strands.experimental.bidi.tools.stop_conversation/index.html[22m [2m(+18ms)[22m 
[2m14:15:55[22m   [34m├─[39m [2m/docs/api/python/strands.experimental.bidi.types.events/index.html[22m [2m(+423ms)[22m 
[2m14:15:56[22m   [34m├─[39m [2m/docs/api/python/strands.experimental.bidi.types.io/index.html[22m [2m(+60ms)[22m 
[2m14:15:56[22m   [34m├─[39m [2m/docs/api/python/strands.experimental.bidi.types.model/index.html[22m [2m(+17ms)[22m 
[2m14:15:56[22m   [34m├─[39m [2m/docs/api/python/strands.experimental.steering.context_providers.ledger_provider/index.html[22m [2m(+54ms)[22m 
[2m14:15:56[22m   [34m├─[39m [2m/docs/api/python/strands.experimental.hooks.events/index.html[22m [2m(+96ms)[22m 
[2m14:15:56[22m   [34m├─[39m [2m/docs/api/python/strands.experimental.steering.core.action/index.html[22m [2m(+44ms)[22m 
[2m14:15:56[22m   [34m├─[39m [2m/docs/api/python/strands.experimental.steering.core.context/index.html[22m [2m(+56ms)[22m 
[2m14:15:56[22m   [34m├─[39m [2m/docs/api/python/strands.experimental.steering.core.handler/index.html[22m [2m(+62ms)[22m 
[2m14:15:56[22m   [34m├─[39m [2m/docs/api/python/strands.experimental.steering.handlers.llm.llm_handler/index.html[22m [2m(+31ms)[22m 
[2m14:15:56[22m   [34m├─[39m [2m/docs/api/python/strands.experimental.steering.handlers.llm.mappers/index.html[22m [2m(+38ms)[22m 
[2m14:15:56[22m   [34m├─[39m [2m/docs/api/python/strands.handlers.callback_handler/index.html[22m [2m(+53ms)[22m 
[2m14:15:56[22m   [34m├─[39m [2m/docs/api/python/strands.hooks.events/index.html[22m [2m(+134ms)[22m 
[2m14:15:56[22m   [34m├─[39m [2m/docs/api/python/strands.hooks.registry/index.html[22m [2m(+128ms)[22m 
[2m14:15:57[22m   [34m├─[39m [2m/docs/api/python/strands.interrupt/index.html[22m [2m(+69ms)[22m 
[2m14:15:57[22m   [34m├─[39m [2m/docs/api/python/strands.models.anthropic/index.html[22m [2m(+77ms)[22m 
[2m14:15:57[22m   [34m├─[39m [2m/docs/api/python/strands.models.bedrock/index.html[22m [2m(+57ms)[22m 
[2m14:15:57[22m   [34m├─[39m [2m/docs/api/python/strands.models.gemini/index.html[22m [2m(+72ms)[22m 
[2m14:15:57[22m   [34m├─[39m [2m/docs/api/python/strands.models.litellm/index.html[22m [2m(+80ms)[22m 
[2m14:15:57[22m   [34m├─[39m [2m/docs/api/python/strands.models.llamaapi/index.html[22m [2m(+69ms)[22m 
[2m14:15:57[22m   [34m├─[39m [2m/docs/api/python/strands.models.llamacpp/index.html[22m [2m(+72ms)[22m 
[2m14:15:57[22m   [34m├─[39m [2m/docs/api/python/strands.models/index.html[22m [2m(+17ms)[22m 
[2m14:15:57[22m   [34m├─[39m [2m/docs/api/python/strands.models.mistral/index.html[22m [2m(+66ms)[22m 
[2m14:15:57[22m   [34m├─[39m [2m/docs/api/python/strands.models.model/index.html[22m [2m(+47ms)[22m 
[2m14:15:57[22m   [34m├─[39m [2m/docs/api/python/strands.models.ollama/index.html[22m [2m(+68ms)[22m 
[2m14:15:57[22m   [34m├─[39m [2m/docs/api/python/strands.models.openai/index.html[22m [2m(+117ms)[22m 
[2m14:15:57[22m   [34m├─[39m [2m/docs/api/python/strands.models.openai_responses/index.html[22m [2m(+82ms)[22m 
[2m14:15:57[22m   [34m├─[39m [2m/docs/api/python/strands.models.sagemaker/index.html[22m [2m(+119ms)[22m 
[2m14:15:58[22m   [34m├─[39m [2m/docs/api/python/strands.multiagent.a2a.executor/index.html[22m [2m(+37ms)[22m 
[2m14:15:58[22m   [34m├─[39m [2m/docs/api/python/strands.models.writer/index.html[22m [2m(+77ms)[22m 
[2m14:15:58[22m   [34m├─[39m [2m/docs/api/python/strands.multiagent.a2a.server/index.html[22m [2m(+77ms)[22m 
[2m14:15:58[22m   [34m├─[39m [2m/docs/api/python/strands.multiagent.base/index.html[22m [2m(+112ms)[22m 
[2m14:15:58[22m   [34m├─[39m [2m/docs/api/python/strands.multiagent.graph/index.html[22m [2m(+211ms)[22m 
[2m14:15:58[22m   [34m├─[39m [2m/docs/api/python/strands.multiagent.swarm/index.html[22m [2m(+173ms)[22m 
[2m14:15:58[22m   [34m├─[39m [2m/docs/api/python/strands.plugins.decorator/index.html[22m [2m(+22ms)[22m 
[2m14:15:58[22m   [34m├─[39m [2m/docs/api/python/strands.plugins.plugin/index.html[22m [2m(+59ms)[22m 
[2m14:15:58[22m   [34m├─[39m [2m/docs/api/python/strands.plugins.registry/index.html[22m [2m(+36ms)[22m 
[2m14:15:58[22m   [34m├─[39m [2m/docs/api/python/strands.session.file_session_manager/index.html[22m [2m(+112ms)[22m 
[2m14:15:58[22m   [34m├─[39m [2m/docs/api/python/strands.session.repository_session_manager/index.html[22m [2m(+87ms)[22m 
[2m14:15:59[22m   [34m├─[39m [2m/docs/api/python/strands.session.s3_session_manager/index.html[22m [2m(+111ms)[22m 
[2m14:15:59[22m   [34m├─[39m [2m/docs/api/python/strands.session.session_manager/index.html[22m [2m(+82ms)[22m 
[2m14:15:59[22m   [34m├─[39m [2m/docs/api/python/strands.session.session_repository/index.html[22m [2m(+105ms)[22m 
[2m14:15:59[22m   [34m├─[39m [2m/docs/api/python/strands.telemetry.config/index.html[22m [2m(+59ms)[22m 
[2m14:15:59[22m   [34m├─[39m [2m/docs/api/python/strands.telemetry.metrics/index.html[22m [2m(+186ms)[22m 
[2m14:15:59[22m   [34m├─[39m [2m/docs/api/python/strands.telemetry.tracer/index.html[22m [2m(+121ms)[22m 
[2m14:15:59[22m   [34m├─[39m [2m/docs/api/python/strands.tools.executors.concurrent/index.html[22m [2m(+17ms)[22m 
[2m14:15:59[22m   [34m├─[39m [2m/docs/api/python/strands.tools.decorator/index.html[22m [2m(+128ms)[22m 
[2m14:15:59[22m   [34m├─[39m [2m/docs/api/python/strands.tools.executors.sequential/index.html[22m [2m(+19ms)[22m 
[2m14:15:59[22m   [34m├─[39m [2m/docs/api/python/strands.tools.mcp.mcp_agent_tool/index.html[22m [2m(+52ms)[22m 
[2m14:15:59[22m   [34m├─[39m [2m/docs/api/python/strands.tools.loader/index.html[22m [2m(+72ms)[22m 
[2m14:15:59[22m   [34m├─[39m [2m/docs/api/python/strands.tools.mcp.mcp_client/index.html[22m [2m(+144ms)[22m 
[2m14:16:00[22m   [34m├─[39m [2m/docs/api/python/strands.tools.mcp.mcp_instrumentation/index.html[22m [2m(+123ms)[22m 
[2m14:16:00[22m   [34m├─[39m [2m/docs/api/python/strands.tools.mcp.mcp_tasks/index.html[22m [2m(+17ms)[22m 
[2m14:16:00[22m   [34m├─[39m [2m/docs/api/python/strands.tools.mcp.mcp_types/index.html[22m [2m(+17ms)[22m 
[2m14:16:00[22m   [34m├─[39m [2m/docs/api/python/strands.tools.registry/index.html[22m [2m(+104ms)[22m 
[2m14:16:00[22m   [34m├─[39m [2m/docs/api/python/strands.tools.structured_output.structured_output_tool/index.html[22m [2m(+53ms)[22m 
[2m14:16:00[22m   [34m├─[39m [2m/docs/api/python/strands.tools.tool_provider/index.html[22m [2m(+34ms)[22m 
[2m14:16:00[22m   [34m├─[39m [2m/docs/api/python/strands.tools.structured_output.structured_output_utils/index.html[22m [2m(+18ms)[22m 
[2m14:16:00[22m   [34m├─[39m [2m/docs/api/python/strands.tools.tools/index.html[22m [2m(+90ms)[22m 
[2m14:16:00[22m   [34m├─[39m [2m/docs/api/python/strands.types.a2a/index.html[22m [2m(+23ms)[22m 
[2m14:16:00[22m   [34m├─[39m [2m/docs/api/python/strands.tools.watcher/index.html[22m [2m(+62ms)[22m 
[2m14:16:00[22m   [34m├─[39m [2m/docs/api/python/strands.types.agent/index.html[22m [2m(+20ms)[22m 
[2m14:16:00[22m   [34m├─[39m [2m/docs/api/python/strands.types.citations/index.html[22m [2m(+84ms)[22m 
[2m14:16:00[22m   [34m├─[39m [2m/docs/api/python/strands.types.collections/index.html[22m [2m(+28ms)[22m 
[2m14:16:00[22m   [34m├─[39m [2m/docs/api/python/strands.types.content/index.html[22m [2m(+103ms)[22m 
[2m14:16:00[22m   [34m├─[39m [2m/docs/api/python/strands.types.event_loop/index.html[22m [2m(+34ms)[22m 
[2m14:16:00[22m   [34m├─[39m [2m/docs/api/python/strands.types.exceptions/index.html[22m [2m(+99ms)[22m 
[2m14:16:01[22m   [34m├─[39m [2m/docs/api/python/strands.types.guardrails/index.html[22m [2m(+129ms)[22m 
[2m14:16:01[22m   [34m├─[39m [2m/docs/api/python/strands.types.interrupt/index.html[22m [2m(+47ms)[22m 
[2m14:16:01[22m   [34m├─[39m [2m/docs/api/python/strands.types.json_dict/index.html[22m [2m(+51ms)[22m 
[2m14:16:01[22m   [34m├─[39m [2m/docs/api/python/strands.types.media/index.html[22m [2m(+87ms)[22m 
[2m14:16:01[22m   [34m├─[39m [2m/docs/api/python/strands.types.session/index.html[22m [2m(+126ms)[22m 
[2m14:16:01[22m   [34m├─[39m [2m/docs/api/python/strands.types.streaming/index.html[22m [2m(+112ms)[22m 
[2m14:16:01[22m   [34m├─[39m [2m/docs/api/python/strands.types.tools/index.html[22m [2m(+171ms)[22m 
[2m14:16:01[22m   [34m├─[39m [2m/docs/api/typescript/AfterInvocationEvent/index.html[22m [2m(+72ms)[22m 
[2m14:16:01[22m   [34m├─[39m [2m/docs/api/typescript/AfterModelCallEvent/index.html[22m [2m(+100ms)[22m 
[2m14:16:01[22m   [34m├─[39m [2m/docs/api/typescript/AfterToolCallEvent/index.html[22m [2m(+139ms)[22m 
[2m14:16:02[22m   [34m├─[39m [2m/docs/api/typescript/AfterToolsEvent/index.html[22m [2m(+88ms)[22m 
[2m14:16:02[22m   [34m├─[39m [2m/docs/api/typescript/Agent/index.html[22m [2m(+242ms)[22m 
[2m14:16:02[22m   [34m├─[39m [2m/docs/api/typescript/AgentResult/index.html[22m [2m(+97ms)[22m 
[2m14:16:02[22m   [34m├─[39m [2m/docs/api/typescript/AgentResultEvent/index.html[22m [2m(+85ms)[22m 
[2m14:16:02[22m   [34m├─[39m [2m/docs/api/typescript/AppState/index.html[22m [2m(+253ms)[22m 
[2m14:16:02[22m   [34m├─[39m [2m/docs/api/typescript/BeforeInvocationEvent/index.html[22m [2m(+68ms)[22m 
[2m14:16:02[22m   [34m├─[39m [2m/docs/api/typescript/BedrockModel/index.html[22m [2m(+372ms)[22m 
[2m14:16:03[22m   [34m├─[39m [2m/docs/api/typescript/BeforeModelCallEvent/index.html[22m [2m(+73ms)[22m 
[2m14:16:03[22m   [34m├─[39m [2m/docs/api/typescript/BeforeToolsEvent/index.html[22m [2m(+80ms)[22m 
[2m14:16:03[22m   [34m├─[39m [2m/docs/api/typescript/BeforeToolCallEvent/index.html[22m [2m(+100ms)[22m 
[2m14:16:03[22m   [34m├─[39m [2m/docs/api/typescript/CachePointBlock/index.html[22m [2m(+103ms)[22m 
[2m14:16:03[22m   [34m├─[39m [2m/docs/api/typescript/CitationsBlock/index.html[22m [2m(+125ms)[22m 
[2m14:16:03[22m   [34m├─[39m [2m/docs/api/typescript/ConcurrentInvocationError/index.html[22m [2m(+37ms)[22m 
[2m14:16:03[22m   [34m├─[39m [2m/docs/api/typescript/ContentBlockEvent/index.html[22m [2m(+85ms)[22m 
[2m14:16:03[22m   [34m├─[39m [2m/docs/api/typescript/ContextWindowOverflowError/index.html[22m [2m(+47ms)[22m 
[2m14:16:03[22m   [34m├─[39m [2m/docs/api/typescript/DocumentBlock/index.html[22m [2m(+204ms)[22m 
[2m14:16:04[22m   [34m├─[39m [2m/docs/api/typescript/FileStorage/index.html[22m [2m(+205ms)[22m 
[2m14:16:04[22m   [34m├─[39m [2m/docs/api/typescript/FunctionTool/index.html[22m [2m(+209ms)[22m 
[2m14:16:04[22m   [34m├─[39m [2m/docs/api/typescript/HookRegistry/index.html[22m [2m(+126ms)[22m 
[2m14:16:04[22m   [34m├─[39m [2m/docs/api/typescript/GuardContentBlock/index.html[22m [2m(+169ms)[22m 
[2m14:16:04[22m   [34m├─[39m [2m/docs/api/typescript/HookableEvent/index.html[22m [2m(+93ms)[22m 
[2m14:16:04[22m   [34m├─[39m [2m/docs/api/typescript/ImageBlock/index.html[22m [2m(+147ms)[22m 
[2m14:16:05[22m   [34m├─[39m [2m/docs/api/typescript/InitializedEvent/index.html[22m [2m(+77ms)[22m 
[2m14:16:05[22m   [34m├─[39m [2m/docs/api/typescript/JsonBlock/index.html[22m [2m(+92ms)[22m 
[2m14:16:05[22m   [34m├─[39m [2m/docs/api/typescript/JsonValidationError/index.html[22m [2m(+40ms)[22m 
[2m14:16:05[22m   [34m├─[39m [2m/docs/api/typescript/McpClient/index.html[22m [2m(+114ms)[22m 
[2m14:16:05[22m   [34m├─[39m [2m/docs/api/typescript/MaxTokensError/index.html[22m [2m(+55ms)[22m 
[2m14:16:05[22m   [34m├─[39m [2m/docs/api/typescript/Message/index.html[22m [2m(+131ms)[22m 
[2m14:16:05[22m   [34m├─[39m [2m/docs/api/typescript/MessageAddedEvent/index.html[22m [2m(+80ms)[22m 
[2m14:16:05[22m   [34m├─[39m [2m/docs/api/typescript/Model/index.html[22m [2m(+131ms)[22m 
[2m14:16:05[22m   [34m├─[39m [2m/docs/api/typescript/ModelError/index.html[22m [2m(+50ms)[22m 
[2m14:16:05[22m   [34m├─[39m [2m/docs/api/typescript/ModelMessageEvent/index.html[22m [2m(+105ms)[22m 
[2m14:16:05[22m   [34m├─[39m [2m/docs/api/typescript/ModelThrottledError/index.html[22m [2m(+49ms)[22m 
[2m14:16:06[22m   [34m├─[39m [2m/docs/api/typescript/ModelStreamUpdateEvent/index.html[22m [2m(+91ms)[22m 
[2m14:16:06[22m   [34m├─[39m [2m/docs/api/typescript/NullConversationManager/index.html[22m [2m(+54ms)[22m 
[2m14:16:06[22m   [34m├─[39m [2m/docs/api/typescript/ReasoningBlock/index.html[22m [2m(+137ms)[22m 
[2m14:16:06[22m   [34m├─[39m [2m/docs/api/typescript/S3Location/index.html[22m [2m(+104ms)[22m 
[2m14:16:06[22m   [34m├─[39m [2m/docs/api/typescript/S3Storage/index.html[22m [2m(+193ms)[22m 
[2m14:16:06[22m   [34m├─[39m [2m/docs/api/typescript/SessionManager/index.html[22m [2m(+105ms)[22m 
[2m14:16:06[22m   [34m├─[39m [2m/docs/api/typescript/SlidingWindowConversationManager/index.html[22m [2m(+65ms)[22m 
[2m14:16:06[22m   [34m├─[39m [2m/docs/api/typescript/StreamEvent/index.html[22m [2m(+39ms)[22m 
[2m14:16:06[22m   [34m├─[39m [2m/docs/api/typescript/StructuredOutputException/index.html[22m [2m(+41ms)[22m 
[2m14:16:06[22m   [34m├─[39m [2m/docs/api/typescript/Swarm/index.html[22m [2m(+117ms)[22m 
[2m14:16:06[22m   [34m├─[39m [2m/docs/api/typescript/TextBlock/index.html[22m [2m(+107ms)[22m 
[2m14:16:07[22m   [34m├─[39m [2m/docs/api/typescript/Tool/index.html[22m [2m(+87ms)[22m 
[2m14:16:07[22m   [34m├─[39m [2m/docs/api/typescript/ToolResultBlock/index.html[22m [2m(+149ms)[22m 
[2m14:16:07[22m   [34m├─[39m [2m/docs/api/typescript/ToolResultEvent/index.html[22m [2m(+73ms)[22m 
[2m14:16:07[22m   [34m├─[39m [2m/docs/api/typescript/ToolStreamUpdateEvent/index.html[22m [2m(+80ms)[22m 
[2m14:16:07[22m   [34m├─[39m [2m/docs/api/typescript/ToolUseBlock/index.html[22m [2m(+151ms)[22m 
[2m14:16:07[22m   [34m├─[39m [2m/docs/api/typescript/ToolValidationError/index.html[22m [2m(+39ms)[22m 
[2m14:16:07[22m   [34m├─[39m [2m/docs/api/typescript/VideoBlock/index.html[22m [2m(+126ms)[22m 
[2m14:16:07[22m   [34m├─[39m [2m/docs/api/typescript/ZodTool/index.html[22m [2m(+223ms)[22m 
[2m14:16:07[22m   [34m├─[39m [2m/docs/api/typescript/configureLogging/index.html[22m [2m(+26ms)[22m 
[2m14:16:08[22m   [34m├─[39m [2m/docs/api/typescript/contentBlockFromData/index.html[22m [2m(+28ms)[22m 
[2m14:16:08[22m   [34m├─[39m [2m/docs/api/typescript/telemetry:getTracer/index.html[22m [2m(+21ms)[22m 
[2m14:16:08[22m   [34m├─[39m [2m/docs/api/typescript/telemetry:setupTracer/index.html[22m [2m(+25ms)[22m 
[2m14:16:08[22m   [34m├─[39m [2m/docs/api/typescript/isModelStreamEvent/index.html[22m [2m(+20ms)[22m 
[2m14:16:08[22m   [34m├─[39m [2m/docs/api/typescript/tool/index.html[22m [2m(+75ms)[22m 
[2m14:16:08[22m   [34m├─[39m [2m/docs/api/typescript/telemetry/index.html[22m [2m(+33ms)[22m 
[2m14:16:08[22m   [34m├─[39m [2m/docs/api/typescript/AgentData/index.html[22m [2m(+36ms)[22m 
[2m14:16:08[22m   [34m├─[39m [2m/docs/api/typescript/BaseModelConfig/index.html[22m [2m(+66ms)[22m 
[2m14:16:08[22m   [34m├─[39m [2m/docs/api/typescript/BedrockModelOptions/index.html[22m [2m(+271ms)[22m 
[2m14:16:08[22m   [34m├─[39m [2m/docs/api/typescript/CachePointBlockData/index.html[22m [2m(+27ms)[22m 
[2m14:16:08[22m   [34m├─[39m [2m/docs/api/typescript/BedrockModelConfig/index.html[22m [2m(+196ms)[22m 
[2m14:16:08[22m   [34m├─[39m [2m/docs/api/typescript/Citation/index.html[22m [2m(+42ms)[22m 
[2m14:16:08[22m   [34m├─[39m [2m/docs/api/typescript/CitationsBlockData/index.html[22m [2m(+31ms)[22m 
[2m14:16:08[22m   [34m├─[39m [2m/docs/api/typescript/DocumentBlockData/index.html[22m [2m(+55ms)[22m 
[2m14:16:08[22m   [34m├─[39m [2m/docs/api/typescript/CitationsDelta/index.html[22m [2m(+42ms)[22m 
[2m14:16:08[22m   [34m├─[39m [2m/docs/api/typescript/FunctionToolConfig/index.html[22m [2m(+50ms)[22m 
[2m14:16:09[22m   [34m├─[39m [2m/docs/api/typescript/GuardContentBlockData/index.html[22m [2m(+35ms)[22m 
[2m14:16:09[22m   [34m├─[39m [2m/docs/api/typescript/GuardContentText/index.html[22m [2m(+34ms)[22m 
[2m14:16:09[22m   [34m├─[39m [2m/docs/api/typescript/GuardContentImage/index.html[22m [2m(+31ms)[22m 
[2m14:16:09[22m   [34m├─[39m [2m/docs/api/typescript/HookProvider/index.html[22m [2m(+33ms)[22m 
[2m14:16:09[22m   [34m├─[39m [2m/docs/api/typescript/ImageBlockData/index.html[22m [2m(+33ms)[22m 
[2m14:16:09[22m   [34m├─[39m [2m/docs/api/typescript/InvokableTool/index.html[22m [2m(+119ms)[22m 
[2m14:16:09[22m   [34m├─[39m [2m/docs/api/typescript/Logger/index.html[22m [2m(+63ms)[22m 
[2m14:16:09[22m   [34m├─[39m [2m/docs/api/typescript/MessageData/index.html[22m [2m(+29ms)[22m 
[2m14:16:09[22m   [34m├─[39m [2m/docs/api/typescript/Metrics/index.html[22m [2m(+23ms)[22m 
[2m14:16:09[22m   [34m├─[39m [2m/docs/api/typescript/ModelContentBlockDeltaEvent/index.html[22m [2m(+51ms)[22m 
[2m14:16:09[22m   [34m├─[39m [2m/docs/api/typescript/ModelContentBlockDeltaEventData/index.html[22m [2m(+32ms)[22m 
[2m14:16:09[22m   [34m├─[39m [2m/docs/api/typescript/ModelContentBlockStartEvent/index.html[22m [2m(+41ms)[22m 
[2m14:16:09[22m   [34m├─[39m [2m/docs/api/typescript/ModelContentBlockStopEvent/index.html[22m [2m(+32ms)[22m 
[2m14:16:09[22m   [34m├─[39m [2m/docs/api/typescript/ModelContentBlockStartEventData/index.html[22m [2m(+30ms)[22m 
[2m14:16:09[22m   [34m├─[39m [2m/docs/api/typescript/ModelMessageStartEvent/index.html[22m [2m(+42ms)[22m 
[2m14:16:09[22m   [34m├─[39m [2m/docs/api/typescript/ModelMessageStartEventData/index.html[22m [2m(+29ms)[22m 
[2m14:16:09[22m   [34m├─[39m [2m/docs/api/typescript/ModelMessageStopEvent/index.html[22m [2m(+49ms)[22m 
[2m14:16:09[22m   [34m├─[39m [2m/docs/api/typescript/ModelMetadataEvent/index.html[22m [2m(+59ms)[22m 
[2m14:16:09[22m   [34m├─[39m [2m/docs/api/typescript/ModelMessageStopEventData/index.html[22m [2m(+38ms)[22m 
[2m14:16:09[22m   [34m├─[39m [2m/docs/api/typescript/ModelMetadataEventData/index.html[22m [2m(+49ms)[22m 
[2m14:16:09[22m   [34m├─[39m [2m/docs/api/typescript/ReasoningBlockData/index.html[22m [2m(+41ms)[22m 
[2m14:16:09[22m   [34m├─[39m [2m/docs/api/typescript/ModelStopResponse/index.html[22m [2m(+34ms)[22m 
[2m14:16:09[22m   [34m├─[39m [2m/docs/api/typescript/ReasoningContentDelta/index.html[22m [2m(+48ms)[22m 
[2m14:16:10[22m   [34m├─[39m [2m/docs/api/typescript/S3LocationData/index.html[22m [2m(+36ms)[22m 
[2m14:16:10[22m   [34m├─[39m [2m/docs/api/typescript/SessionManagerConfig/index.html[22m [2m(+50ms)[22m 
[2m14:16:10[22m   [34m├─[39m [2m/docs/api/typescript/Snapshot/index.html[22m [2m(+54ms)[22m 
[2m14:16:10[22m   [34m├─[39m [2m/docs/api/typescript/SnapshotManifest/index.html[22m [2m(+31ms)[22m 
[2m14:16:10[22m   [34m├─[39m [2m/docs/api/typescript/SnapshotStorage/index.html[22m [2m(+131ms)[22m 
[2m14:16:10[22m   [34m├─[39m [2m/docs/api/typescript/SnapshotTriggerParams/index.html[22m [2m(+27ms)[22m 
[2m14:16:10[22m   [34m├─[39m [2m/docs/api/typescript/TasksConfig/index.html[22m [2m(+33ms)[22m 
[2m14:16:10[22m   [34m├─[39m [2m/docs/api/typescript/StreamOptions/index.html[22m [2m(+38ms)[22m 
[2m14:16:10[22m   [34m├─[39m [2m/docs/api/typescript/TextBlockData/index.html[22m [2m(+25ms)[22m 
[2m14:16:10[22m   [34m├─[39m [2m/docs/api/typescript/ToolContext/index.html[22m [2m(+29ms)[22m 
[2m14:16:10[22m   [34m├─[39m [2m/docs/api/typescript/TextDelta/index.html[22m [2m(+33ms)[22m 
[2m14:16:10[22m   [34m├─[39m [2m/docs/api/typescript/ToolResultBlockData/index.html[22m [2m(+46ms)[22m 
[2m14:16:10[22m   [34m├─[39m [2m/docs/api/typescript/ToolSpec/index.html[22m [2m(+37ms)[22m 
[2m14:16:10[22m   [34m├─[39m [2m/docs/api/typescript/ToolStreamEvent/index.html[22m [2m(+43ms)[22m 
[2m14:16:10[22m   [34m├─[39m [2m/docs/api/typescript/ToolStreamEventData/index.html[22m [2m(+31ms)[22m 
[2m14:16:10[22m   [34m├─[39m [2m/docs/api/typescript/ToolUseBlockData/index.html[22m [2m(+50ms)[22m 
[2m14:16:10[22m   [34m├─[39m [2m/docs/api/typescript/ToolUseInputDelta/index.html[22m [2m(+36ms)[22m 
[2m14:16:10[22m   [34m├─[39m [2m/docs/api/typescript/ToolUse/index.html[22m [2m(+43ms)[22m 
[2m14:16:10[22m   [34m├─[39m [2m/docs/api/typescript/ToolUseStart/index.html[22m [2m(+46ms)[22m 
[2m14:16:10[22m   [34m├─[39m [2m/docs/api/typescript/telemetry:TracerConfig/index.html[22m [2m(+43ms)[22m 
[2m14:16:10[22m   [34m├─[39m [2m/docs/api/typescript/Usage/index.html[22m [2m(+56ms)[22m 
[2m14:16:10[22m   [34m├─[39m [2m/docs/api/typescript/VideoBlockData/index.html[22m [2m(+31ms)[22m 
[2m14:16:10[22m   [34m├─[39m [2m/docs/api/typescript/ZodToolConfig/index.html[22m [2m(+59ms)[22m 
[2m14:16:11[22m   [34m├─[39m [2m/docs/api/typescript/AgentConfig/index.html[22m [2m(+115ms)[22m 
[2m14:16:11[22m   [34m├─[39m [2m/docs/api/typescript/AgentStreamEvent/index.html[22m [2m(+23ms)[22m 
[2m14:16:11[22m   [34m├─[39m [2m/docs/api/typescript/CitationGeneratedContent/index.html[22m [2m(+25ms)[22m 
[2m14:16:11[22m   [34m├─[39m [2m/docs/api/typescript/CitationSourceContent/index.html[22m [2m(+24ms)[22m 
[2m14:16:11[22m   [34m├─[39m [2m/docs/api/typescript/CitationLocation/index.html[22m [2m(+75ms)[22m 
[2m14:16:11[22m   [34m├─[39m [2m/docs/api/typescript/ContentBlock/index.html[22m [2m(+16ms)[22m 
[2m14:16:11[22m   [34m├─[39m [2m/docs/api/typescript/ContentBlockData/index.html[22m [2m(+21ms)[22m 
[2m14:16:11[22m   [34m├─[39m [2m/docs/api/typescript/ContentBlockDelta/index.html[22m [2m(+18ms)[22m 
[2m14:16:11[22m   [34m├─[39m [2m/docs/api/typescript/ContentBlockStart/index.html[22m [2m(+15ms)[22m 
[2m14:16:11[22m   [34m├─[39m [2m/docs/api/typescript/DocumentContentBlock/index.html[22m [2m(+18ms)[22m 
[2m14:16:11[22m   [34m├─[39m [2m/docs/api/typescript/DocumentContentBlockData/index.html[22m [2m(+15ms)[22m 
[2m14:16:11[22m   [34m├─[39m [2m/docs/api/typescript/DocumentSource/index.html[22m [2m(+18ms)[22m 
[2m14:16:11[22m   [34m├─[39m [2m/docs/api/typescript/DocumentFormat/index.html[22m [2m(+18ms)[22m 
[2m14:16:11[22m   [34m├─[39m [2m/docs/api/typescript/DocumentSourceData/index.html[22m [2m(+15ms)[22m 
[2m14:16:11[22m   [34m├─[39m [2m/docs/api/typescript/FunctionToolCallback/index.html[22m [2m(+49ms)[22m 
[2m14:16:11[22m   [34m├─[39m [2m/docs/api/typescript/GuardImageFormat/index.html[22m [2m(+16ms)[22m 
[2m14:16:11[22m   [34m├─[39m [2m/docs/api/typescript/GuardImageSource/index.html[22m [2m(+29ms)[22m 
[2m14:16:11[22m   [34m├─[39m [2m/docs/api/typescript/GuardQualifier/index.html[22m [2m(+19ms)[22m 
[2m14:16:11[22m   [34m├─[39m [2m/docs/api/typescript/HookCallback/index.html[22m [2m(+37ms)[22m 
[2m14:16:11[22m   [34m├─[39m [2m/docs/api/typescript/HookableEventConstructor/index.html[22m [2m(+33ms)[22m 
[2m14:16:11[22m   [34m├─[39m [2m/docs/api/typescript/ImageFormat/index.html[22m [2m(+14ms)[22m 
[2m14:16:11[22m   [34m├─[39m [2m/docs/api/typescript/ImageSource/index.html[22m [2m(+16ms)[22m 
[2m14:16:11[22m   [34m├─[39m [2m/docs/api/typescript/ImageSourceData/index.html[22m [2m(+14ms)[22m 
[2m14:16:11[22m   [34m├─[39m [2m/docs/api/typescript/JSONSchema/index.html[22m [2m(+20ms)[22m 
[2m14:16:11[22m   [34m├─[39m [2m/docs/api/typescript/JSONValue/index.html[22m [2m(+20ms)[22m 
[2m14:16:11[22m   [34m├─[39m [2m/docs/api/typescript/McpClientConfig/index.html[22m [2m(+34ms)[22m 
[2m14:16:11[22m   [34m├─[39m [2m/docs/api/typescript/ModelStreamEvent/index.html[22m [2m(+21ms)[22m 
[2m14:16:11[22m   [34m├─[39m [2m/docs/api/typescript/Role/index.html[22m [2m(+18ms)[22m 
[2m14:16:11[22m   [34m├─[39m [2m/docs/api/typescript/S3StorageConfig/index.html[22m [2m(+47ms)[22m 
[2m14:16:11[22m   [34m├─[39m [2m/docs/api/typescript/SaveLatestStrategy/index.html[22m [2m(+17ms)[22m 
[2m14:16:11[22m   [34m├─[39m [2m/docs/api/typescript/Scope/index.html[22m [2m(+16ms)[22m 
[2m14:16:11[22m   [34m├─[39m [2m/docs/api/typescript/SessionStorage/index.html[22m [2m(+30ms)[22m 
[2m14:16:11[22m   [34m├─[39m [2m/docs/api/typescript/SlidingWindowConversationManagerConfig/index.html[22m [2m(+32ms)[22m 
[2m14:16:11[22m   [34m├─[39m [2m/docs/api/typescript/SnapshotLocation/index.html[22m [2m(+49ms)[22m 
[2m14:16:11[22m   [34m├─[39m [2m/docs/api/typescript/SnapshotTriggerCallback/index.html[22m [2m(+28ms)[22m 
[2m14:16:11[22m   [34m├─[39m [2m/docs/api/typescript/SystemContentBlock/index.html[22m [2m(+15ms)[22m 
[2m14:16:12[22m   [34m├─[39m [2m/docs/api/typescript/SystemPrompt/index.html[22m [2m(+18ms)[22m 
[2m14:16:12[22m   [34m├─[39m [2m/docs/api/typescript/SystemPromptData/index.html[22m [2m(+15ms)[22m 
[2m14:16:12[22m   [34m├─[39m [2m/docs/api/typescript/StopReason/index.html[22m [2m(+13ms)[22m 
[2m14:16:12[22m   [34m├─[39m [2m/docs/api/typescript/ToolChoice/index.html[22m [2m(+18ms)[22m 
[2m14:16:12[22m   [34m├─[39m [2m/docs/api/typescript/ToolList/index.html[22m [2m(+14ms)[22m 
[2m14:16:12[22m   [34m├─[39m [2m/docs/api/typescript/ToolResultContent/index.html[22m [2m(+15ms)[22m 
[2m14:16:12[22m   [34m├─[39m [2m/docs/api/typescript/ToolResultStatus/index.html[22m [2m(+15ms)[22m 
[2m14:16:12[22m   [34m├─[39m [2m/docs/api/typescript/VideoFormat/index.html[22m [2m(+15ms)[22m 
[2m14:16:12[22m   [34m├─[39m [2m/docs/api/typescript/VideoSource/index.html[22m [2m(+17ms)[22m 
[2m14:16:12[22m   [34m├─[39m [2m/docs/api/typescript/VideoSourceData/index.html[22m [2m(+15ms)[22m 
[2m14:16:12[22m   [34m├─[39m [2m/docs/api/typescript/ToolStreamGenerator/index.html[22m [2m(+18ms)[22m 
[2m14:16:12[22m   [34m└─[39m [2m/docs/user-guide/guides/agentic-development/index.html[22m [2m(+153ms)[22m 
[2m14:16:12[22m [32m✓ Completed in 77.30s.
[39m
[42m[30m generating optimized images [39m[49m
[2m14:16:12[22m   [32m▶[39m /_astro/whale_1.BbWHgxOK_10Bx4x.webp [2m(reused cache entry)[22m [2m(+1ms)[22m [2m(1/15)[22m
[2m14:16:12[22m   [32m▶[39m /_astro/whale_2.D8UUil-J_mkbbj.webp [2m(reused cache entry)[22m [2m(+1ms)[22m [2m(2/15)[22m
[2m14:16:12[22m   [32m▶[39m /_astro/whale_3.CBbgjVUn_1ANSGd.webp [2m(reused cache entry)[22m [2m(+1ms)[22m [2m(3/15)[22m
[2m14:16:12[22m   [32m▶[39m /_astro/whale_2_large.DjeT7M9T_Z2ewWVS.webp [2m(reused cache entry)[22m [2m(+1ms)[22m [2m(4/15)[22m
[2m14:16:12[22m   [32m▶[39m /_astro/smartsheet-logo.CtbzAG68_1t1H15.svg [2m(reused cache entry)[22m [2m(+0ms)[22m [2m(5/15)[22m
[2m14:16:12[22m   [32m▶[39m /_astro/smartsheet-logo-white.BLGLAcL2_1t1H15.svg [2m(reused cache entry)[22m [2m(+0ms)[22m [2m(6/15)[22m
[2m14:16:12[22m   [32m▶[39m /_astro/trace_visualization.DpHaJCpW_1m5Vq7.webp [2m(reused cache entry)[22m [2m(+1ms)[22m [2m(7/15)[22m
[2m14:16:12[22m   [32m▶[39m /_astro/landchecker-logo.CtTrJnmd_1uOybF.svg [2m(reused cache entry)[22m [2m(+1ms)[22m [2m(8/15)[22m
[2m14:16:12[22m   [32m▶[39m /_astro/swisscom-logo.CxjlrfQU_1sSyCH.svg [2m(reused cache entry)[22m [2m(+1ms)[22m [2m(9/15)[22m
[2m14:16:12[22m   [32m▶[39m /_astro/zafran-logo.CBewGzoP_1uOybF.svg [2m(reused cache entry)[22m [2m(+1ms)[22m [2m(10/15)[22m
[2m14:16:12[22m   [32m▶[39m /_astro/eightcap-logo.BxeLdLE7_1uOybF.svg [2m(reused cache entry)[22m [2m(+1ms)[22m [2m(11/15)[22m
[2m14:16:12[22m   [32m▶[39m /_astro/terrasecurity_logo.C2PKCoga_ZlQaOd.webp [2m(reused cache entry)[22m [2m(+0ms)[22m [2m(12/15)[22m
[2m14:16:12[22m   [32m▶[39m /_astro/teamform-logo.Cy9MC-00_10WQup.webp [2m(reused cache entry)[22m [2m(+1ms)[22m [2m(13/15)[22m
[2m14:16:12[22m   [32m▶[39m /_astro/jit_logo.CB5FmSM0_1uGpNi.svg [2m(reused cache entry)[22m [2m(+1ms)[22m [2m(14/15)[22m
[2m14:16:12[22m   [32m▶[39m /_astro/tavily-logo.CcMcGH8V_1uOybF.svg [2m(reused cache entry)[22m [2m(+0ms)[22m [2m(15/15)[22m
[2m14:16:12[22m [32m✓ Completed in 4ms.
[39m
[2m14:16:12[22m [34m[starlight:pagefind][39m Building search index with Pagefind...
[2m14:16:15[22m [34m[build][39m Waiting for integration [1m"@astrojs/starlight"[22m, hook [1m"astro:build:done"[22m...
[2m14:16:15[22m [34m[starlight:pagefind][39m Found 409 HTML files.
[2m14:16:16[22m [34m[starlight:pagefind][39m Finished building search index in 4.05s.
[2m14:16:16[22m [34m[@astrojs/sitemap][39m `sitemap-index.xml` created at `dist`
[2m14:16:16[22m [34m[astro-broken-links-checker][39m Checking 409 html pages for broken links
[2m14:16:19[22m [34m[astro-broken-links-checker][39m No broken links detected.
[2m14:16:19[22m [34m[astro-broken-links-checker][39m Time to check links: 2902 ms
[2m14:16:19[22m [34m[build][39m 409 page(s) built in [1m123.26s[22m
[2m14:16:19[22m [34m[build][39m [1mComplete![22m
